Archive member included to satisfy reference by file (symbol)

d:/stm32_project/tool/7-2018-q2-update/bin/../lib/gcc/arm-none-eabi/7.3.1/../../../../arm-none-eabi/lib/thumb/v7e-m/fpv4-sp/hard\libc_nano.a(lib_a-exit.o)
                              d:/stm32_project/tool/7-2018-q2-update/bin/../lib/gcc/arm-none-eabi/7.3.1/../../../../arm-none-eabi/lib/thumb/v7e-m/fpv4-sp/hard/crt0.o (exit)
d:/stm32_project/tool/7-2018-q2-update/bin/../lib/gcc/arm-none-eabi/7.3.1/../../../../arm-none-eabi/lib/thumb/v7e-m/fpv4-sp/hard\libc_nano.a(lib_a-impure.o)
                              d:/stm32_project/tool/7-2018-q2-update/bin/../lib/gcc/arm-none-eabi/7.3.1/../../../../arm-none-eabi/lib/thumb/v7e-m/fpv4-sp/hard\libc_nano.a(lib_a-exit.o) (_global_impure_ptr)
d:/stm32_project/tool/7-2018-q2-update/bin/../lib/gcc/arm-none-eabi/7.3.1/../../../../arm-none-eabi/lib/thumb/v7e-m/fpv4-sp/hard\libc_nano.a(lib_a-init.o)
                              d:/stm32_project/tool/7-2018-q2-update/bin/../lib/gcc/arm-none-eabi/7.3.1/../../../../arm-none-eabi/lib/thumb/v7e-m/fpv4-sp/hard/crt0.o (__libc_init_array)
d:/stm32_project/tool/7-2018-q2-update/bin/../lib/gcc/arm-none-eabi/7.3.1/../../../../arm-none-eabi/lib/thumb/v7e-m/fpv4-sp/hard\libc_nano.a(lib_a-malloc.o)
                              build/usbh_cdc.o (malloc)
d:/stm32_project/tool/7-2018-q2-update/bin/../lib/gcc/arm-none-eabi/7.3.1/../../../../arm-none-eabi/lib/thumb/v7e-m/fpv4-sp/hard\libc_nano.a(lib_a-memset.o)
                              d:/stm32_project/tool/7-2018-q2-update/bin/../lib/gcc/arm-none-eabi/7.3.1/../../../../arm-none-eabi/lib/thumb/v7e-m/fpv4-sp/hard/crt0.o (memset)
d:/stm32_project/tool/7-2018-q2-update/bin/../lib/gcc/arm-none-eabi/7.3.1/../../../../arm-none-eabi/lib/thumb/v7e-m/fpv4-sp/hard\libc_nano.a(lib_a-nano-freer.o)
                              d:/stm32_project/tool/7-2018-q2-update/bin/../lib/gcc/arm-none-eabi/7.3.1/../../../../arm-none-eabi/lib/thumb/v7e-m/fpv4-sp/hard\libc_nano.a(lib_a-malloc.o) (_free_r)
d:/stm32_project/tool/7-2018-q2-update/bin/../lib/gcc/arm-none-eabi/7.3.1/../../../../arm-none-eabi/lib/thumb/v7e-m/fpv4-sp/hard\libc_nano.a(lib_a-nano-mallocr.o)
                              d:/stm32_project/tool/7-2018-q2-update/bin/../lib/gcc/arm-none-eabi/7.3.1/../../../../arm-none-eabi/lib/thumb/v7e-m/fpv4-sp/hard\libc_nano.a(lib_a-malloc.o) (_malloc_r)
d:/stm32_project/tool/7-2018-q2-update/bin/../lib/gcc/arm-none-eabi/7.3.1/../../../../arm-none-eabi/lib/thumb/v7e-m/fpv4-sp/hard\libc_nano.a(lib_a-sbrkr.o)
                              d:/stm32_project/tool/7-2018-q2-update/bin/../lib/gcc/arm-none-eabi/7.3.1/../../../../arm-none-eabi/lib/thumb/v7e-m/fpv4-sp/hard\libc_nano.a(lib_a-nano-mallocr.o) (_sbrk_r)
d:/stm32_project/tool/7-2018-q2-update/bin/../lib/gcc/arm-none-eabi/7.3.1/../../../../arm-none-eabi/lib/thumb/v7e-m/fpv4-sp/hard\libc_nano.a(lib_a-mlock.o)
                              d:/stm32_project/tool/7-2018-q2-update/bin/../lib/gcc/arm-none-eabi/7.3.1/../../../../arm-none-eabi/lib/thumb/v7e-m/fpv4-sp/hard\libc_nano.a(lib_a-nano-freer.o) (__malloc_lock)
d:/stm32_project/tool/7-2018-q2-update/bin/../lib/gcc/arm-none-eabi/7.3.1/../../../../arm-none-eabi/lib/thumb/v7e-m/fpv4-sp/hard\libc_nano.a(lib_a-reent.o)
                              d:/stm32_project/tool/7-2018-q2-update/bin/../lib/gcc/arm-none-eabi/7.3.1/../../../../arm-none-eabi/lib/thumb/v7e-m/fpv4-sp/hard\libc_nano.a(lib_a-sbrkr.o) (errno)
d:/stm32_project/tool/7-2018-q2-update/bin/../lib/gcc/arm-none-eabi/7.3.1/../../../../arm-none-eabi/lib/thumb/v7e-m/fpv4-sp/hard\libnosys.a(sbrk.o)
                              d:/stm32_project/tool/7-2018-q2-update/bin/../lib/gcc/arm-none-eabi/7.3.1/../../../../arm-none-eabi/lib/thumb/v7e-m/fpv4-sp/hard\libc_nano.a(lib_a-sbrkr.o) (_sbrk)
d:/stm32_project/tool/7-2018-q2-update/bin/../lib/gcc/arm-none-eabi/7.3.1/../../../../arm-none-eabi/lib/thumb/v7e-m/fpv4-sp/hard\libnosys.a(_exit.o)
                              d:/stm32_project/tool/7-2018-q2-update/bin/../lib/gcc/arm-none-eabi/7.3.1/../../../../arm-none-eabi/lib/thumb/v7e-m/fpv4-sp/hard\libc_nano.a(lib_a-exit.o) (_exit)
d:/stm32_project/tool/7-2018-q2-update/bin/../lib/gcc/arm-none-eabi/7.3.1/thumb/v7e-m/fpv4-sp/hard\libgcc.a(_aeabi_uldivmod.o)
                              build/stm32f4xx_hal_rcc.o (__aeabi_uldivmod)
d:/stm32_project/tool/7-2018-q2-update/bin/../lib/gcc/arm-none-eabi/7.3.1/thumb/v7e-m/fpv4-sp/hard\libgcc.a(_udivmoddi4.o)
                              d:/stm32_project/tool/7-2018-q2-update/bin/../lib/gcc/arm-none-eabi/7.3.1/thumb/v7e-m/fpv4-sp/hard\libgcc.a(_aeabi_uldivmod.o) (__udivmoddi4)
d:/stm32_project/tool/7-2018-q2-update/bin/../lib/gcc/arm-none-eabi/7.3.1/thumb/v7e-m/fpv4-sp/hard\libgcc.a(_dvmd_tls.o)
                              d:/stm32_project/tool/7-2018-q2-update/bin/../lib/gcc/arm-none-eabi/7.3.1/thumb/v7e-m/fpv4-sp/hard\libgcc.a(_aeabi_uldivmod.o) (__aeabi_ldiv0)

Allocating common symbols
Common symbol       size              file

[...]
Memory Configuration

Name             Origin             Length             Attributes
RAM              0x20000000         0x00020000         xrw
CCMRAM           0x10000000         0x00010000         xrw
FLASH            0x08000000         0x00100000         xr
*default*        0x00000000         0xffffffff

Linker script and memory map

LOAD d:/stm32_project/tool/7-2018-q2-update/bin/../lib/gcc/arm-none-eabi/7.3.1/thumb/v7e-m/fpv4-sp/hard/crti.o
LOAD d:/stm32_project/tool/7-2018-q2-update/bin/../lib/gcc/arm-none-eabi/7.3.1/thumb/v7e-m/fpv4-sp/hard/crtbegin.o
LOAD d:/stm32_project/tool/7-2018-q2-update/bin/../lib/gcc/arm-none-eabi/7.3.1/../../../../arm-none-eabi/lib/thumb/v7e-m/fpv4-sp/hard/crt0.o
LOAD build/main.o
LOAD build/gpio.o
LOAD build/i2c.o
LOAD build/i2s.o
LOAD build/spi.o
LOAD build/usart.o
LOAD build/stm32f4xx_it.o
LOAD build/stm32f4xx_hal_msp.o
LOAD build/usb_host.o
LOAD build/usbh_conf.o
LOAD build/usbh_platform.o
LOAD build/stm32f4xx_hal_hcd.o
LOAD build/stm32f4xx_ll_usb.o
LOAD build/stm32f4xx_hal_rcc.o
LOAD build/stm32f4xx_hal_rcc_ex.o
LOAD build/stm32f4xx_hal_flash.o
LOAD build/stm32f4xx_hal_flash_ex.o
LOAD build/stm32f4xx_hal_flash_ramfunc.o
LOAD build/stm32f4xx_hal_gpio.o
LOAD build/stm32f4xx_hal_dma_ex.o
LOAD build/stm32f4xx_hal_dma.o
LOAD build/stm32f4xx_hal_pwr.o
LOAD build/stm32f4xx_hal_pwr_ex.o
LOAD build/stm32f4xx_hal_cortex.o
LOAD build/stm32f4xx_hal.o
LOAD build/stm32f4xx_hal_exti.o
LOAD build/stm32f4xx_hal_i2c.o
LOAD build/stm32f4xx_hal_i2c_ex.o
LOAD build/stm32f4xx_hal_i2s.o
LOAD build/stm32f4xx_hal_i2s_ex.o
LOAD build/stm32f4xx_hal_spi.o
LOAD build/stm32f4xx_hal_tim.o
LOAD build/stm32f4xx_hal_tim_ex.o
LOAD build/stm32f4xx_hal_uart.o
LOAD build/system_stm32f4xx.o
LOAD build/usbh_core.o
LOAD build/usbh_ctlreq.o
LOAD build/usbh_ioreq.o
LOAD build/usbh_pipes.o
LOAD build/usbh_cdc.o
LOAD build/startup_stm32f407xx.o
LOAD d:/stm32_project/tool/7-2018-q2-update/bin/../lib/gcc/arm-none-eabi/7.3.1/../../../../arm-none-eabi/lib/thumb/v7e-m/fpv4-sp/hard\libc_nano.a
LOAD d:/stm32_project/tool/7-2018-q2-update/bin/../lib/gcc/arm-none-eabi/7.3.1/../../../../arm-none-eabi/lib/thumb/v7e-m/fpv4-sp/hard\libm.a
LOAD d:/stm32_project/tool/7-2018-q2-update/bin/../lib/gcc/arm-none-eabi/7.3.1/../../../../arm-none-eabi/lib/thumb/v7e-m/fpv4-sp/hard\libnosys.a
START GROUP
LOAD d:/stm32_project/tool/7-2018-q2-update/bin/../lib/gcc/arm-none-eabi/7.3.1/thumb/v7e-m/fpv4-sp/hard\libgcc.a
LOAD d:/stm32_project/tool/7-2018-q2-update/bin/../lib/gcc/arm-none-eabi/7.3.1/../../../../arm-none-eabi/lib/thumb/v7e-m/fpv4-sp/hard\libc_nano.a
END GROUP
START GROUP
LOAD d:/stm32_project/tool/7-2018-q2-update/bin/../lib/gcc/arm-none-eabi/7.3.1/thumb/v7e-m/fpv4-sp/hard\libgcc.a
LOAD d:/stm32_project/tool/7-2018-q2-update/bin/../lib/gcc/arm-none-eabi/7.3.1/../../../../arm-none-eabi/lib/thumb/v7e-m/fpv4-sp/hard\libc_nano.a
END GROUP
LOAD d:/stm32_project/tool/7-2018-q2-update/bin/../lib/gcc/arm-none-eabi/7.3.1/thumb/v7e-m/fpv4-sp/hard/crtend.o
LOAD d:/stm32_project/tool/7-2018-q2-update/bin/../lib/gcc/arm-none-eabi/7.3.1/thumb/v7e-m/fpv4-sp/hard/crtn.o
                0x20020000                _estack = 0x20020000
                0x00000200                _Min_Heap_Size = 0x200
                0x00000400                _Min_Stack_Size = 0x400

.isr_vector     0x08000000      0x188
                0x08000000                . = ALIGN (0x4)
 *(.isr_vector)
 .isr_vector    0x08000000      0x188 build/startup_stm32f407xx.o
                0x08000000                g_pfnVectors
                0x08000188                . = ALIGN (0x4)

.text           0x08000188     0x4d28
                0x08000188                . = ALIGN (0x4)
 *(.text)
 .text          0x08000188       0x40 d:/stm32_project/tool/7-2018-q2-update/bin/../lib/gcc/arm-none-eabi/7.3.1/thumb/v7e-m/fpv4-sp/hard/crtbegin.o
 .text          0x080001c8       0x30 d:/stm32_project/tool/7-2018-q2-update/bin/../lib/gcc/arm-none-eabi/7.3.1/thumb/v7e-m/fpv4-sp/hard\libgcc.a(_aeabi_uldivmod.o)
                0x080001c8                __aeabi_uldivmod
 .text          0x080001f8      0x2cc d:/stm32_project/tool/7-2018-q2-update/bin/../lib/gcc/arm-none-eabi/7.3.1/thumb/v7e-m/fpv4-sp/hard\libgcc.a(_udivmoddi4.o)
                0x080001f8                __udivmoddi4
 .text          0x080004c4        0x4 d:/stm32_project/tool/7-2018-q2-update/bin/../lib/gcc/arm-none-eabi/7.3.1/thumb/v7e-m/fpv4-sp/hard\libgcc.a(_dvmd_tls.o)
                0x080004c4                __aeabi_idiv0
                0x080004c4                __aeabi_ldiv0
 *(.text*)
 .text.Error_Handler
                0x080004c8        0x4 build/main.o
                0x080004c8                Error_Handler
 .text.SystemClock_Config
                0x080004cc       0xcc build/main.o
                0x080004cc                SystemClock_Config
 .text.main     0x08000598       0x40 build/main.o
                0x08000598                main
 .text.MX_GPIO_Init
                0x080005d8      0x18c build/gpio.o
                0x080005d8                MX_GPIO_Init
 .text.MX_I2C1_Init
                0x08000764       0x3c build/i2c.o
                0x08000764                MX_I2C1_Init
 .text.HAL_I2C_MspInit
                0x080007a0       0x70 build/i2c.o
                0x080007a0                HAL_I2C_MspInit
 .text.MX_I2S3_Init
                0x08000810       0x3c build/i2s.o
                0x08000810                MX_I2S3_Init
 .text.HAL_I2S_MspInit
                0x0800084c       0x98 build/i2s.o
                0x0800084c                HAL_I2S_MspInit
 .text.MX_SPI1_Init
                0x080008e4       0x40 build/spi.o
                0x080008e4                MX_SPI1_Init
 .text.HAL_SPI_MspInit
                0x08000924       0x6c build/spi.o
                0x08000924                HAL_SPI_MspInit
 .text.MX_USART2_UART_Init
                0x08000990       0x34 build/usart.o
                0x08000990                MX_USART2_UART_Init
 .text.HAL_UART_MspInit
                0x080009c4       0x7c build/usart.o
                0x080009c4                HAL_UART_MspInit
 .text.NMI_Handler
                0x08000a40        0x2 build/stm32f4xx_it.o
                0x08000a40                NMI_Handler
 .text.HardFault_Handler
                0x08000a42        0x2 build/stm32f4xx_it.o
                0x08000a42                HardFault_Handler
 .text.MemManage_Handler
                0x08000a44        0x2 build/stm32f4xx_it.o
                0x08000a44                MemManage_Handler
 .text.BusFault_Handler
                0x08000a46        0x2 build/stm32f4xx_it.o
                0x08000a46                BusFault_Handler
 .text.UsageFault_Handler
                0x08000a48        0x2 build/stm32f4xx_it.o
                0x08000a48                UsageFault_Handler
 .text.SVC_Handler
                0x08000a4a        0x2 build/stm32f4xx_it.o
                0x08000a4a                SVC_Handler
 .text.DebugMon_Handler
                0x08000a4c        0x2 build/stm32f4xx_it.o
                0x08000a4c                DebugMon_Handler
 .text.PendSV_Handler
                0x08000a4e        0x2 build/stm32f4xx_it.o
                0x08000a4e                PendSV_Handler
 .text.SysTick_Handler
                0x08000a50        0x8 build/stm32f4xx_it.o
                0x08000a50                SysTick_Handler
 .text.USART2_IRQHandler
                0x08000a58       0x10 build/stm32f4xx_it.o
                0x08000a58                USART2_IRQHandler
 .text.OTG_FS_IRQHandler
                0x08000a68       0x10 build/stm32f4xx_it.o
                0x08000a68                OTG_FS_IRQHandler
 .text.HAL_MspInit
                0x08000a78       0x40 build/stm32f4xx_hal_msp.o
                0x08000a78                HAL_MspInit
 .text.USBH_UserProcess
                0x08000ab8       0x2c build/usb_host.o
 .text.MX_USB_HOST_Init
                0x08000ae4       0x40 build/usb_host.o
                0x08000ae4                MX_USB_HOST_Init
 .text.MX_USB_HOST_Process
                0x08000b24       0x10 build/usb_host.o
                0x08000b24                MX_USB_HOST_Process
 .text.HAL_HCD_MspInit
                0x08000b34       0x98 build/usbh_conf.o
                0x08000b34                HAL_HCD_MspInit
 .text.HAL_HCD_SOF_Callback
                0x08000bcc        0xc build/usbh_conf.o
                0x08000bcc                HAL_HCD_SOF_Callback
 .text.HAL_HCD_Connect_Callback
                0x08000bd8        0xc build/usbh_conf.o
                0x08000bd8                HAL_HCD_Connect_Callback
 .text.HAL_HCD_Disconnect_Callback
                0x08000be4        0xc build/usbh_conf.o
                0x08000be4                HAL_HCD_Disconnect_Callback
 .text.HAL_HCD_HC_NotifyURBChange_Callback
                0x08000bf0        0x2 build/usbh_conf.o
                0x08000bf0                HAL_HCD_HC_NotifyURBChange_Callback
 .text.HAL_HCD_PortEnabled_Callback
                0x08000bf2        0xc build/usbh_conf.o
                0x08000bf2                HAL_HCD_PortEnabled_Callback
 .text.HAL_HCD_PortDisabled_Callback
                0x08000bfe        0xc build/usbh_conf.o
                0x08000bfe                HAL_HCD_PortDisabled_Callback
 *fill*         0x08000c0a        0x2 
 .text.USBH_LL_Init
                0x08000c0c       0x54 build/usbh_conf.o
                0x08000c0c                USBH_LL_Init
 .text.USBH_LL_GetSpeed
                0x08000c60       0x1c build/usbh_conf.o
                0x08000c60                USBH_LL_GetSpeed
 .text.USBH_LL_GetLastXferSize
                0x08000c7c        0xc build/usbh_conf.o
                0x08000c7c                USBH_LL_GetLastXferSize
 .text.USBH_LL_GetURBState
                0x08000c88        0xc build/usbh_conf.o
                0x08000c88                USBH_LL_GetURBState
 .text.USBH_LL_DriverVBUS
                0x08000c94       0x1c build/usbh_conf.o
                0x08000c94                USBH_LL_DriverVBUS
 .text.USBH_LL_SetToggle
                0x08000cb0       0x32 build/usbh_conf.o
                0x08000cb0                USBH_LL_SetToggle
 .text.USBH_Delay
                0x08000ce2        0x8 build/usbh_conf.o
                0x08000ce2                USBH_Delay
 .text.USBH_Get_USB_Status
                0x08000cea       0x12 build/usbh_conf.o
                0x08000cea                USBH_Get_USB_Status
 .text.USBH_LL_Start
                0x08000cfc       0x10 build/usbh_conf.o
                0x08000cfc                USBH_LL_Start
 .text.USBH_LL_Stop
                0x08000d0c       0x10 build/usbh_conf.o
                0x08000d0c                USBH_LL_Stop
 .text.USBH_LL_ResetPort
                0x08000d1c       0x10 build/usbh_conf.o
                0x08000d1c                USBH_LL_ResetPort
 .text.USBH_LL_OpenPipe
                0x08000d2c       0x26 build/usbh_conf.o
                0x08000d2c                USBH_LL_OpenPipe
 .text.USBH_LL_ClosePipe
                0x08000d52       0x10 build/usbh_conf.o
                0x08000d52                USBH_LL_ClosePipe
 .text.USBH_LL_SubmitURB
                0x08000d62       0x2a build/usbh_conf.o
                0x08000d62                USBH_LL_SubmitURB
 .text.MX_DriverVbusFS
                0x08000d8c       0x18 build/usbh_platform.o
                0x08000d8c                MX_DriverVbusFS
 .text.HCD_RXQLVL_IRQHandler
                0x08000da4       0x7c build/stm32f4xx_hal_hcd.o
 .text.HAL_HCD_HC_Init
                0x08000e20       0xa0 build/stm32f4xx_hal_hcd.o
                0x08000e20                HAL_HCD_HC_Init
 .text.HAL_HCD_HC_Halt
                0x08000ec0       0x24 build/stm32f4xx_hal_hcd.o
                0x08000ec0                HAL_HCD_HC_Halt
 .text.HAL_HCD_Init
                0x08000ee4       0x94 build/stm32f4xx_hal_hcd.o
                0x08000ee4                HAL_HCD_Init
 .text.HAL_HCD_HC_SubmitRequest
                0x08000f78      0x196 build/stm32f4xx_hal_hcd.o
                0x08000f78                HAL_HCD_HC_SubmitRequest
 .text.HCD_Port_IRQHandler
                0x0800110e       0xb0 build/stm32f4xx_hal_hcd.o
 .text.HCD_HC_IN_IRQHandler
                0x080011be      0x32c build/stm32f4xx_hal_hcd.o
 .text.HCD_HC_OUT_IRQHandler
                0x080014ea      0x2b4 build/stm32f4xx_hal_hcd.o
 .text.HAL_HCD_IRQHandler
                0x0800179e      0x146 build/stm32f4xx_hal_hcd.o
                0x0800179e                HAL_HCD_IRQHandler
 .text.HAL_HCD_Start
                0x080018e4       0x2c build/stm32f4xx_hal_hcd.o
                0x080018e4                HAL_HCD_Start
 .text.HAL_HCD_Stop
                0x08001910       0x24 build/stm32f4xx_hal_hcd.o
                0x08001910                HAL_HCD_Stop
 .text.HAL_HCD_ResetPort
                0x08001934        0xa build/stm32f4xx_hal_hcd.o
                0x08001934                HAL_HCD_ResetPort
 .text.HAL_HCD_HC_GetURBState
                0x0800193e        0xe build/stm32f4xx_hal_hcd.o
                0x0800193e                HAL_HCD_HC_GetURBState
 .text.HAL_HCD_HC_GetXferCount
                0x0800194c        0xc build/stm32f4xx_hal_hcd.o
                0x0800194c                HAL_HCD_HC_GetXferCount
 .text.HAL_HCD_GetCurrentFrame
                0x08001958        0xa build/stm32f4xx_hal_hcd.o
                0x08001958                HAL_HCD_GetCurrentFrame
 .text.HAL_HCD_GetCurrentSpeed
                0x08001962        0xa build/stm32f4xx_hal_hcd.o
                0x08001962                HAL_HCD_GetCurrentSpeed
 .text.USB_CoreReset
                0x0800196c       0x3c build/stm32f4xx_ll_usb.o
 .text.USB_CoreInit
                0x080019a8       0x8a build/stm32f4xx_ll_usb.o
                0x080019a8                USB_CoreInit
 .text.USB_EnableGlobalInt
                0x08001a32        0xc build/stm32f4xx_ll_usb.o
                0x08001a32                USB_EnableGlobalInt
 .text.USB_DisableGlobalInt
                0x08001a3e        0xc build/stm32f4xx_ll_usb.o
                0x08001a3e                USB_DisableGlobalInt
 .text.USB_SetCurrentMode
                0x08001a4a       0x30 build/stm32f4xx_ll_usb.o
                0x08001a4a                USB_SetCurrentMode
 *fill*         0x08001a7a        0x2 
 .text.USB_FlushTxFifo
                0x08001a7c       0x28 build/stm32f4xx_ll_usb.o
                0x08001a7c                USB_FlushTxFifo
 .text.USB_FlushRxFifo
                0x08001aa4       0x24 build/stm32f4xx_ll_usb.o
                0x08001aa4                USB_FlushRxFifo
 .text.USB_WritePacket
                0x08001ac8       0x28 build/stm32f4xx_ll_usb.o
                0x08001ac8                USB_WritePacket
 .text.USB_ReadPacket
                0x08001af0       0x28 build/stm32f4xx_ll_usb.o
                0x08001af0                USB_ReadPacket
 .text.USB_ReadInterrupts
                0x08001b18        0x8 build/stm32f4xx_ll_usb.o
                0x08001b18                USB_ReadInterrupts
 .text.USB_GetMode
                0x08001b20        0x8 build/stm32f4xx_ll_usb.o
                0x08001b20                USB_GetMode
 .text.USB_InitFSLSPClkSel
                0x08001b28       0x40 build/stm32f4xx_ll_usb.o
                0x08001b28                USB_InitFSLSPClkSel
 .text.USB_ResetPort
                0x08001b68       0x3e build/stm32f4xx_ll_usb.o
                0x08001b68                USB_ResetPort
 .text.USB_DriveVbus
                0x08001ba6       0x46 build/stm32f4xx_ll_usb.o
                0x08001ba6                USB_DriveVbus
 .text.USB_HostInit
                0x08001bec       0xfc build/stm32f4xx_ll_usb.o
                0x08001bec                USB_HostInit
 .text.USB_GetHostSpeed
                0x08001ce8       0x16 build/stm32f4xx_ll_usb.o
                0x08001ce8                USB_GetHostSpeed
 .text.USB_GetCurrentFrame
                0x08001cfe        0xa build/stm32f4xx_ll_usb.o
                0x08001cfe                USB_GetCurrentFrame
 .text.USB_HC_Init
                0x08001d08      0x108 build/stm32f4xx_ll_usb.o
                0x08001d08                USB_HC_Init
 .text.USB_HC_ReadInterrupt
                0x08001e10        0xa build/stm32f4xx_ll_usb.o
                0x08001e10                USB_HC_ReadInterrupt
 .text.USB_HC_Halt
                0x08001e1a       0xd0 build/stm32f4xx_ll_usb.o
                0x08001e1a                USB_HC_Halt
 *fill*         0x08001eea        0x2 
 .text.USB_DoPing
                0x08001eec       0x24 build/stm32f4xx_ll_usb.o
                0x08001eec                USB_DoPing
 .text.USB_HC_StartXfer
                0x08001f10      0x158 build/stm32f4xx_ll_usb.o
                0x08001f10                USB_HC_StartXfer
 .text.USB_StopHost
                0x08002068       0x7e build/stm32f4xx_ll_usb.o
                0x08002068                USB_StopHost
 *fill*         0x080020e6        0x2 
 .text.HAL_RCC_OscConfig
                0x080020e8      0x3ec build/stm32f4xx_hal_rcc.o
                0x080020e8                HAL_RCC_OscConfig
 .text.HAL_RCC_GetSysClockFreq
                0x080024d4       0xd8 build/stm32f4xx_hal_rcc.o
                0x080024d4                HAL_RCC_GetSysClockFreq
 .text.HAL_RCC_ClockConfig
                0x080025ac      0x160 build/stm32f4xx_hal_rcc.o
                0x080025ac                HAL_RCC_ClockConfig
 .text.HAL_RCC_GetHCLKFreq
                0x0800270c        0xc build/stm32f4xx_hal_rcc.o
                0x0800270c                HAL_RCC_GetHCLKFreq
 .text.HAL_RCC_GetPCLK1Freq
                0x08002718       0x20 build/stm32f4xx_hal_rcc.o
                0x08002718                HAL_RCC_GetPCLK1Freq
 .text.HAL_RCC_GetPCLK2Freq
                0x08002738       0x20 build/stm32f4xx_hal_rcc.o
                0x08002738                HAL_RCC_GetPCLK2Freq
 .text.HAL_RCCEx_PeriphCLKConfig
                0x08002758      0x154 build/stm32f4xx_hal_rcc_ex.o
                0x08002758                HAL_RCCEx_PeriphCLKConfig
 .text.HAL_RCCEx_GetPeriphCLKFreq
                0x080028ac       0x74 build/stm32f4xx_hal_rcc_ex.o
                0x080028ac                HAL_RCCEx_GetPeriphCLKFreq
 .text.HAL_GPIO_Init
                0x08002920      0x1c8 build/stm32f4xx_hal_gpio.o
                0x08002920                HAL_GPIO_Init
 .text.HAL_GPIO_WritePin
                0x08002ae8        0xc build/stm32f4xx_hal_gpio.o
                0x08002ae8                HAL_GPIO_WritePin
 .text.HAL_DMA_Abort_IT
                0x08002af4       0x26 build/stm32f4xx_hal_dma.o
                0x08002af4                HAL_DMA_Abort_IT
 *fill*         0x08002b1a        0x2 
 .text.HAL_NVIC_SetPriorityGrouping
                0x08002b1c       0x24 build/stm32f4xx_hal_cortex.o
                0x08002b1c                HAL_NVIC_SetPriorityGrouping
 .text.HAL_NVIC_SetPriority
                0x08002b40       0x68 build/stm32f4xx_hal_cortex.o
                0x08002b40                HAL_NVIC_SetPriority
 .text.HAL_NVIC_EnableIRQ
                0x08002ba8       0x1c build/stm32f4xx_hal_cortex.o
                0x08002ba8                HAL_NVIC_EnableIRQ
 .text.HAL_SYSTICK_Config
                0x08002bc4       0x2c build/stm32f4xx_hal_cortex.o
                0x08002bc4                HAL_SYSTICK_Config
 .text.HAL_InitTick
                0x08002bf0       0x4c build/stm32f4xx_hal.o
                0x08002bf0                HAL_InitTick
 .text.HAL_Init
                0x08002c3c       0x34 build/stm32f4xx_hal.o
                0x08002c3c                HAL_Init
 .text.HAL_IncTick
                0x08002c70       0x18 build/stm32f4xx_hal.o
                0x08002c70                HAL_IncTick
 .text.HAL_GetTick
                0x08002c88        0xc build/stm32f4xx_hal.o
                0x08002c88                HAL_GetTick
 .text.HAL_Delay
                0x08002c94       0x28 build/stm32f4xx_hal.o
                0x08002c94                HAL_Delay
 .text.HAL_I2C_Init
                0x08002cbc      0x1b4 build/stm32f4xx_hal_i2c.o
                0x08002cbc                HAL_I2C_Init
 .text.HAL_I2S_Init
                0x08002e70      0x19c build/stm32f4xx_hal_i2s.o
                0x08002e70                HAL_I2S_Init
 .text.HAL_I2S_TxCpltCallback
                0x0800300c        0x2 build/stm32f4xx_hal_i2s.o
                0x0800300c                HAL_I2S_TxCpltCallback
 .text.I2S_Transmit_IT
                0x0800300e       0x36 build/stm32f4xx_hal_i2s.o
 .text.HAL_I2S_RxCpltCallback
                0x08003044        0x2 build/stm32f4xx_hal_i2s.o
                0x08003044                HAL_I2S_RxCpltCallback
 .text.I2S_Receive_IT
                0x08003046       0x36 build/stm32f4xx_hal_i2s.o
 .text.HAL_I2S_ErrorCallback
                0x0800307c        0x2 build/stm32f4xx_hal_i2s.o
                0x0800307c                HAL_I2S_ErrorCallback
 .text.I2S_IRQHandler
                0x0800307e       0xd0 build/stm32f4xx_hal_i2s.o
 .text.HAL_I2SEx_TxRxCpltCallback
                0x0800314e        0x2 build/stm32f4xx_hal_i2s_ex.o
                0x0800314e                HAL_I2SEx_TxRxCpltCallback
 .text.I2SEx_TxISR_I2S
                0x08003150       0x3a build/stm32f4xx_hal_i2s_ex.o
 *fill*         0x0800318a        0x2 
 .text.I2SEx_RxISR_I2SExt
                0x0800318c       0x60 build/stm32f4xx_hal_i2s_ex.o
 .text.I2SEx_TxISR_I2SExt
                0x080031ec       0x60 build/stm32f4xx_hal_i2s_ex.o
 .text.I2SEx_RxISR_I2S
                0x0800324c       0x3a build/stm32f4xx_hal_i2s_ex.o
 *fill*         0x08003286        0x2 
 .text.HAL_I2SEx_FullDuplex_IRQHandler
                0x08003288      0x1d8 build/stm32f4xx_hal_i2s_ex.o
                0x08003288                HAL_I2SEx_FullDuplex_IRQHandler
 .text.HAL_SPI_Init
                0x08003460       0x80 build/stm32f4xx_hal_spi.o
                0x08003460                HAL_SPI_Init
 .text.UART_EndRxTransfer
                0x080034e0       0x1c build/stm32f4xx_hal_uart.o
 .text.UART_Transmit_IT
                0x080034fc       0x68 build/stm32f4xx_hal_uart.o
 .text.UART_SetConfig
                0x08003564      0x218 build/stm32f4xx_hal_uart.o
 .text.UART_WaitOnFlagUntilTimeout
                0x0800377c       0x62 build/stm32f4xx_hal_uart.o
 .text.HAL_UART_Init
                0x080037de       0x5e build/stm32f4xx_hal_uart.o
                0x080037de                HAL_UART_Init
 .text.HAL_UART_Transmit
                0x0800383c       0xe2 build/stm32f4xx_hal_uart.o
                0x0800383c                HAL_UART_Transmit
 .text.HAL_UART_TxCpltCallback
                0x0800391e        0x2 build/stm32f4xx_hal_uart.o
                0x0800391e                HAL_UART_TxCpltCallback
 .text.UART_EndTransmit_IT
                0x08003920       0x1a build/stm32f4xx_hal_uart.o
 .text.HAL_UART_RxCpltCallback
                0x0800393a        0x2 build/stm32f4xx_hal_uart.o
                0x0800393a                HAL_UART_RxCpltCallback
 .text.UART_Receive_IT
                0x0800393c       0x9c build/stm32f4xx_hal_uart.o
 .text.HAL_UART_ErrorCallback
                0x080039d8        0x2 build/stm32f4xx_hal_uart.o
                0x080039d8                HAL_UART_ErrorCallback
 *fill*         0x080039da        0x2 
 .text.HAL_UART_IRQHandler
                0x080039dc      0x128 build/stm32f4xx_hal_uart.o
                0x080039dc                HAL_UART_IRQHandler
 .text.UART_DMAAbortOnError
                0x08003b04       0x10 build/stm32f4xx_hal_uart.o
 .text.SystemInit
                0x08003b14       0x1c build/system_stm32f4xx.o
                0x08003b14                SystemInit
 .text.DeInitStateMachine
                0x08003b30       0x54 build/usbh_core.o
 .text.USBH_HandleSof
                0x08003b84       0x1a build/usbh_core.o
 .text.USBH_HandleEnum
                0x08003b9e      0x276 build/usbh_core.o
 .text.USBH_Init
                0x08003e14       0x3e build/usbh_core.o
                0x08003e14                USBH_Init
 .text.USBH_RegisterClass
                0x08003e52       0x22 build/usbh_core.o
                0x08003e52                USBH_RegisterClass
 .text.USBH_SelectInterface
                0x08003e74       0x14 build/usbh_core.o
                0x08003e74                USBH_SelectInterface
 .text.USBH_FindInterface
                0x08003e88       0x50 build/usbh_core.o
                0x08003e88                USBH_FindInterface
 .text.USBH_Start
                0x08003ed8       0x14 build/usbh_core.o
                0x08003ed8                USBH_Start
 .text.USBH_Process
                0x08003eec      0x27e build/usbh_core.o
                0x08003eec                USBH_Process
 .text.USBH_LL_SetTimer
                0x0800416a        0x6 build/usbh_core.o
                0x0800416a                USBH_LL_SetTimer
 .text.USBH_LL_IncTimer
                0x08004170       0x12 build/usbh_core.o
                0x08004170                USBH_LL_IncTimer
 .text.USBH_LL_PortEnabled
                0x08004182        0x8 build/usbh_core.o
                0x08004182                USBH_LL_PortEnabled
 .text.USBH_LL_PortDisabled
                0x0800418a        0x8 build/usbh_core.o
                0x0800418a                USBH_LL_PortDisabled
 .text.USBH_LL_Connect
                0x08004192       0x14 build/usbh_core.o
                0x08004192                USBH_LL_Connect
 .text.USBH_LL_Disconnect
                0x080041a6       0x2c build/usbh_core.o
                0x080041a6                USBH_LL_Disconnect
 .text.USBH_ParseDevDesc
                0x080041d2       0x5c build/usbh_ctlreq.o
 .text.USBH_ParseInterfaceDesc
                0x0800422e       0x26 build/usbh_ctlreq.o
 .text.USBH_ParseEPDesc
                0x08004254       0x20 build/usbh_ctlreq.o
 .text.USBH_ParseStringDesc
                0x08004274       0x3c build/usbh_ctlreq.o
 .text.USBH_HandleControl
                0x080042b0      0x1de build/usbh_ctlreq.o
 .text.USBH_GetNextDesc
                0x0800448e        0xe build/usbh_ctlreq.o
                0x0800448e                USBH_GetNextDesc
 .text.USBH_ParseCfgDesc
                0x0800449c       0xc2 build/usbh_ctlreq.o
 .text.USBH_CtlReq
                0x0800455e       0x44 build/usbh_ctlreq.o
                0x0800455e                USBH_CtlReq
 .text.USBH_GetDescriptor
                0x080045a2       0x3c build/usbh_ctlreq.o
                0x080045a2                USBH_GetDescriptor
 .text.USBH_Get_DevDesc
                0x080045de       0x32 build/usbh_ctlreq.o
                0x080045de                USBH_Get_DevDesc
 .text.USBH_Get_CfgDesc
                0x08004610       0x32 build/usbh_ctlreq.o
                0x08004610                USBH_Get_CfgDesc
 .text.USBH_Get_StringDesc
                0x08004642       0x30 build/usbh_ctlreq.o
                0x08004642                USBH_Get_StringDesc
 .text.USBH_SetAddress
                0x08004672       0x22 build/usbh_ctlreq.o
                0x08004672                USBH_SetAddress
 .text.USBH_SetCfg
                0x08004694       0x22 build/usbh_ctlreq.o
                0x08004694                USBH_SetCfg
 .text.USBH_SetFeature
                0x080046b6       0x22 build/usbh_ctlreq.o
                0x080046b6                USBH_SetFeature
 .text.USBH_ClrFeature
                0x080046d8       0x24 build/usbh_ctlreq.o
                0x080046d8                USBH_ClrFeature
 .text.USBH_CtlSendSetup
                0x080046fc       0x22 build/usbh_ioreq.o
                0x080046fc                USBH_CtlSendSetup
 .text.USBH_CtlSendData
                0x0800471e       0x2c build/usbh_ioreq.o
                0x0800471e                USBH_CtlSendData
 .text.USBH_CtlReceiveData
                0x0800474a       0x20 build/usbh_ioreq.o
                0x0800474a                USBH_CtlReceiveData
 .text.USBH_BulkSendData
                0x0800476a       0x2c build/usbh_ioreq.o
                0x0800476a                USBH_BulkSendData
 .text.USBH_BulkReceiveData
                0x08004796       0x20 build/usbh_ioreq.o
                0x08004796                USBH_BulkReceiveData
 .text.USBH_GetFreePipe
                0x080047b6       0x26 build/usbh_pipes.o
 .text.USBH_OpenPipe
                0x080047dc       0x20 build/usbh_pipes.o
                0x080047dc                USBH_OpenPipe
 .text.USBH_ClosePipe
                0x080047fc        0xa build/usbh_pipes.o
                0x080047fc                USBH_ClosePipe
 .text.USBH_AllocPipe
                0x08004806       0x26 build/usbh_pipes.o
                0x08004806                USBH_AllocPipe
 .text.USBH_FreePipe
                0x0800482c       0x16 build/usbh_pipes.o
                0x0800482c                USBH_FreePipe
 .text.USBH_CDC_SOFProcess
                0x08004842        0x4 build/usbh_cdc.o
 .text.SetLineCoding
                0x08004846       0x1a build/usbh_cdc.o
 .text.GetLineCoding
                0x08004860       0x1a build/usbh_cdc.o
 .text.USBH_CDC_ClassRequest
                0x0800487a       0x22 build/usbh_cdc.o
 .text.USBH_CDC_InterfaceDeInit
                0x0800489c       0x68 build/usbh_cdc.o
 .text.USBH_CDC_InterfaceInit
                0x08004904      0x17e build/usbh_cdc.o
 .text.USBH_CDC_TransmitCallback
                0x08004a82        0x2 build/usbh_cdc.o
                0x08004a82                USBH_CDC_TransmitCallback
 .text.CDC_ProcessTransmission
                0x08004a84       0x94 build/usbh_cdc.o
 .text.USBH_CDC_ReceiveCallback
                0x08004b18        0x2 build/usbh_cdc.o
                0x08004b18                USBH_CDC_ReceiveCallback
 .text.CDC_ProcessReception
                0x08004b1a       0x68 build/usbh_cdc.o
 .text.USBH_CDC_LineCodingChanged
                0x08004b82        0x2 build/usbh_cdc.o
                0x08004b82                USBH_CDC_LineCodingChanged
 .text.USBH_CDC_Process
                0x08004b84       0xb8 build/usbh_cdc.o
 .text.Reset_Handler
                0x08004c3c       0x50 build/startup_stm32f407xx.o
                0x08004c3c                Reset_Handler
 .text.Default_Handler
                0x08004c8c        0x2 build/startup_stm32f407xx.o
                0x08004c8c                RTC_Alarm_IRQHandler
                0x08004c8c                HASH_RNG_IRQHandler
                0x08004c8c                EXTI2_IRQHandler
                0x08004c8c                TIM8_CC_IRQHandler
                0x08004c8c                TIM1_CC_IRQHandler
                0x08004c8c                DMA2_Stream5_IRQHandler
                0x08004c8c                DMA1_Stream5_IRQHandler
                0x08004c8c                PVD_IRQHandler
                0x08004c8c                SDIO_IRQHandler
                0x08004c8c                TAMP_STAMP_IRQHandler
                0x08004c8c                CAN2_RX1_IRQHandler
                0x08004c8c                EXTI3_IRQHandler
                0x08004c8c                TIM8_TRG_COM_TIM14_IRQHandler
                0x08004c8c                TIM1_UP_TIM10_IRQHandler
                0x08004c8c                TIM8_UP_TIM13_IRQHandler
                0x08004c8c                I2C3_ER_IRQHandler
                0x08004c8c                EXTI0_IRQHandler
                0x08004c8c                I2C2_EV_IRQHandler
                0x08004c8c                DMA1_Stream2_IRQHandler
                0x08004c8c                CAN1_RX0_IRQHandler
                0x08004c8c                FPU_IRQHandler
                0x08004c8c                OTG_HS_WKUP_IRQHandler
                0x08004c8c                CAN2_SCE_IRQHandler
                0x08004c8c                DMA2_Stream2_IRQHandler
                0x08004c8c                SPI1_IRQHandler
                0x08004c8c                TIM6_DAC_IRQHandler
                0x08004c8c                TIM1_BRK_TIM9_IRQHandler
                0x08004c8c                DCMI_IRQHandler
                0x08004c8c                CAN2_RX0_IRQHandler
                0x08004c8c                DMA2_Stream3_IRQHandler
                0x08004c8c                USART6_IRQHandler
                0x08004c8c                USART3_IRQHandler
                0x08004c8c                CAN1_RX1_IRQHandler
                0x08004c8c                UART5_IRQHandler
                0x08004c8c                DMA2_Stream0_IRQHandler
                0x08004c8c                TIM4_IRQHandler
                0x08004c8c                I2C1_EV_IRQHandler
                0x08004c8c                DMA1_Stream6_IRQHandler
                0x08004c8c                DMA1_Stream1_IRQHandler
                0x08004c8c                UART4_IRQHandler
                0x08004c8c                TIM3_IRQHandler
                0x08004c8c                RCC_IRQHandler
                0x08004c8c                TIM8_BRK_TIM12_IRQHandler
                0x08004c8c                Default_Handler
                0x08004c8c                EXTI15_10_IRQHandler
                0x08004c8c                ADC_IRQHandler
                0x08004c8c                DMA1_Stream7_IRQHandler
                0x08004c8c                TIM7_IRQHandler
                0x08004c8c                CAN2_TX_IRQHandler
                0x08004c8c                TIM5_IRQHandler
                0x08004c8c                DMA2_Stream7_IRQHandler
                0x08004c8c                I2C3_EV_IRQHandler
                0x08004c8c                EXTI9_5_IRQHandler
                0x08004c8c                RTC_WKUP_IRQHandler
                0x08004c8c                ETH_WKUP_IRQHandler
                0x08004c8c                SPI2_IRQHandler
                0x08004c8c                OTG_HS_EP1_IN_IRQHandler
                0x08004c8c                DMA1_Stream0_IRQHandler
                0x08004c8c                CAN1_TX_IRQHandler
                0x08004c8c                EXTI4_IRQHandler
                0x08004c8c                FSMC_IRQHandler
                0x08004c8c                ETH_IRQHandler
                0x08004c8c                OTG_HS_EP1_OUT_IRQHandler
                0x08004c8c                WWDG_IRQHandler
                0x08004c8c                TIM2_IRQHandler
                0x08004c8c                OTG_FS_WKUP_IRQHandler
                0x08004c8c                TIM1_TRG_COM_TIM11_IRQHandler
                0x08004c8c                OTG_HS_IRQHandler
                0x08004c8c                EXTI1_IRQHandler
                0x08004c8c                I2C2_ER_IRQHandler
                0x08004c8c                DMA2_Stream1_IRQHandler
                0x08004c8c                CAN1_SCE_IRQHandler
                0x08004c8c                FLASH_IRQHandler
                0x08004c8c                DMA2_Stream4_IRQHandler
                0x08004c8c                USART1_IRQHandler
                0x08004c8c                SPI3_IRQHandler
                0x08004c8c                DMA1_Stream4_IRQHandler
                0x08004c8c                I2C1_ER_IRQHandler
                0x08004c8c                DMA2_Stream6_IRQHandler
                0x08004c8c                DMA1_Stream3_IRQHandler
 *fill*         0x08004c8e        0x2 
 .text.__libc_init_array
                0x08004c90       0x48 d:/stm32_project/tool/7-2018-q2-update/bin/../lib/gcc/arm-none-eabi/7.3.1/../../../../arm-none-eabi/lib/thumb/v7e-m/fpv4-sp/hard\libc_nano.a(lib_a-init.o)
                0x08004c90                __libc_init_array
 .text.malloc   0x08004cd8       0x10 d:/stm32_project/tool/7-2018-q2-update/bin/../lib/gcc/arm-none-eabi/7.3.1/../../../../arm-none-eabi/lib/thumb/v7e-m/fpv4-sp/hard\libc_nano.a(lib_a-malloc.o)
                0x08004cd8                malloc
 .text.free     0x08004ce8       0x10 d:/stm32_project/tool/7-2018-q2-update/bin/../lib/gcc/arm-none-eabi/7.3.1/../../../../arm-none-eabi/lib/thumb/v7e-m/fpv4-sp/hard\libc_nano.a(lib_a-malloc.o)
                0x08004ce8                free
 .text.memset   0x08004cf8       0x10 d:/stm32_project/tool/7-2018-q2-update/bin/../lib/gcc/arm-none-eabi/7.3.1/../../../../arm-none-eabi/lib/thumb/v7e-m/fpv4-sp/hard\libc_nano.a(lib_a-memset.o)
                0x08004cf8                memset
 .text._free_r  0x08004d08       0x9c d:/stm32_project/tool/7-2018-q2-update/bin/../lib/gcc/arm-none-eabi/7.3.1/../../../../arm-none-eabi/lib/thumb/v7e-m/fpv4-sp/hard\libc_nano.a(lib_a-nano-freer.o)
                0x08004d08                _free_r
 .text._malloc_r
                0x08004da4       0xb4 d:/stm32_project/tool/7-2018-q2-update/bin/../lib/gcc/arm-none-eabi/7.3.1/../../../../arm-none-eabi/lib/thumb/v7e-m/fpv4-sp/hard\libc_nano.a(lib_a-nano-mallocr.o)
                0x08004da4                _malloc_r
 .text._sbrk_r  0x08004e58       0x20 d:/stm32_project/tool/7-2018-q2-update/bin/../lib/gcc/arm-none-eabi/7.3.1/../../../../arm-none-eabi/lib/thumb/v7e-m/fpv4-sp/hard\libc_nano.a(lib_a-sbrkr.o)
                0x08004e58                _sbrk_r
 .text.__malloc_lock
                0x08004e78        0x2 d:/stm32_project/tool/7-2018-q2-update/bin/../lib/gcc/arm-none-eabi/7.3.1/../../../../arm-none-eabi/lib/thumb/v7e-m/fpv4-sp/hard\libc_nano.a(lib_a-mlock.o)
                0x08004e78                __malloc_lock
 .text.__malloc_unlock
                0x08004e7a        0x2 d:/stm32_project/tool/7-2018-q2-update/bin/../lib/gcc/arm-none-eabi/7.3.1/../../../../arm-none-eabi/lib/thumb/v7e-m/fpv4-sp/hard\libc_nano.a(lib_a-mlock.o)
                0x08004e7a                __malloc_unlock
 .text._sbrk    0x08004e7c       0x1c d:/stm32_project/tool/7-2018-q2-update/bin/../lib/gcc/arm-none-eabi/7.3.1/../../../../arm-none-eabi/lib/thumb/v7e-m/fpv4-sp/hard\libnosys.a(sbrk.o)
                0x08004e7c                _sbrk
 *(.glue_7)
 .glue_7        0x08004e98        0x0 linker stubs
 *(.glue_7t)
 .glue_7t       0x08004e98        0x0 linker stubs
 *(.eh_frame)
 .eh_frame      0x08004e98        0x0 d:/stm32_project/tool/7-2018-q2-update/bin/../lib/gcc/arm-none-eabi/7.3.1/thumb/v7e-m/fpv4-sp/hard/crtbegin.o
 *(.init)
 .init          0x08004e98        0x4 d:/stm32_project/tool/7-2018-q2-update/bin/../lib/gcc/arm-none-eabi/7.3.1/thumb/v7e-m/fpv4-sp/hard/crti.o
                0x08004e98                _init
 .init          0x08004e9c        0x8 d:/stm32_project/tool/7-2018-q2-update/bin/../lib/gcc/arm-none-eabi/7.3.1/thumb/v7e-m/fpv4-sp/hard/crtn.o
 *(.fini)
 .fini          0x08004ea4        0x4 d:/stm32_project/tool/7-2018-q2-update/bin/../lib/gcc/arm-none-eabi/7.3.1/thumb/v7e-m/fpv4-sp/hard/crti.o
                0x08004ea4                _fini
 .fini          0x08004ea8        0x8 d:/stm32_project/tool/7-2018-q2-update/bin/../lib/gcc/arm-none-eabi/7.3.1/thumb/v7e-m/fpv4-sp/hard/crtn.o
                0x08004eb0                . = ALIGN (0x4)
                0x08004eb0                _etext = .

.vfp11_veneer   0x08004eb0        0x0
 .vfp11_veneer  0x08004eb0        0x0 linker stubs

.v4_bx          0x08004eb0        0x0
 .v4_bx         0x08004eb0        0x0 linker stubs

.iplt           0x08004eb0        0x0
 .iplt          0x08004eb0        0x0 d:/stm32_project/tool/7-2018-q2-update/bin/../lib/gcc/arm-none-eabi/7.3.1/thumb/v7e-m/fpv4-sp/hard/crtbegin.o

.rodata         0x08004eb0       0x2c
                0x08004eb0                . = ALIGN (0x4)
 *(.rodata)
 *(.rodata*)
 .rodata.main.str1.4
                0x08004eb0        0xd build/main.o
 *fill*         0x08004ebd        0x3 
 .rodata.AHBPrescTable
                0x08004ec0       0x10 build/system_stm32f4xx.o
                0x08004ec0                AHBPrescTable
 .rodata.APBPrescTable
                0x08004ed0        0x8 build/system_stm32f4xx.o
                0x08004ed0                APBPrescTable
 .rodata.str1.4
                0x08004ed8        0x4 build/usbh_cdc.o
                0x08004edc                . = ALIGN (0x4)

.ARM.extab
 *(.ARM.extab* .gnu.linkonce.armextab.*)

.ARM            0x08004edc        0x8
                0x08004edc                __exidx_start = .
 *(.ARM.exidx*)
 .ARM.exidx     0x08004edc        0x8 d:/stm32_project/tool/7-2018-q2-update/bin/../lib/gcc/arm-none-eabi/7.3.1/thumb/v7e-m/fpv4-sp/hard\libgcc.a(_udivmoddi4.o)
                0x08004ee4                __exidx_end = .

.rel.dyn        0x08004ee4        0x0
 .rel.iplt      0x08004ee4        0x0 d:/stm32_project/tool/7-2018-q2-update/bin/../lib/gcc/arm-none-eabi/7.3.1/thumb/v7e-m/fpv4-sp/hard/crtbegin.o

.preinit_array  0x08004ee4        0x0
                0x08004ee4                PROVIDE (__preinit_array_start = .)
 *(.preinit_array*)
                0x08004ee4                PROVIDE (__preinit_array_end = .)

.init_array     0x08004ee4        0x4
                0x08004ee4                PROVIDE (__init_array_start = .)
 *(SORT_BY_NAME(.init_array.*))
 *(.init_array*)
 .init_array    0x08004ee4        0x4 d:/stm32_project/tool/7-2018-q2-update/bin/../lib/gcc/arm-none-eabi/7.3.1/thumb/v7e-m/fpv4-sp/hard/crtbegin.o
                0x08004ee8                PROVIDE (__init_array_end = .)

.fini_array     0x08004ee8        0x4
                [!provide]                PROVIDE (__fini_array_start = .)
 *(SORT_BY_NAME(.fini_array.*))
 *(.fini_array*)
 .fini_array    0x08004ee8        0x4 d:/stm32_project/tool/7-2018-q2-update/bin/../lib/gcc/arm-none-eabi/7.3.1/thumb/v7e-m/fpv4-sp/hard/crtbegin.o
                [!provide]                PROVIDE (__fini_array_end = .)
                0x08004eec                _sidata = LOADADDR (.data)

.data           0x20000000       0x90 load address 0x08004eec
                0x20000000                . = ALIGN (0x4)
                0x20000000                _sdata = .
 *(.data)
 *(.data*)
 .data.uwTickFreq
                0x20000000        0x1 build/stm32f4xx_hal.o
                0x20000000                uwTickFreq
 *fill*         0x20000001        0x3 
 .data.uwTickPrio
                0x20000004        0x4 build/stm32f4xx_hal.o
                0x20000004                uwTickPrio
 .data.SystemCoreClock
                0x20000008        0x4 build/system_stm32f4xx.o
                0x20000008                SystemCoreClock
 .data.CDC_Class
                0x2000000c       0x20 build/usbh_cdc.o
                0x2000000c                CDC_Class
 .data._impure_ptr
                0x2000002c        0x4 d:/stm32_project/tool/7-2018-q2-update/bin/../lib/gcc/arm-none-eabi/7.3.1/../../../../arm-none-eabi/lib/thumb/v7e-m/fpv4-sp/hard\libc_nano.a(lib_a-impure.o)
                0x2000002c                _impure_ptr
 .data.impure_data
                0x20000030       0x60 d:/stm32_project/tool/7-2018-q2-update/bin/../lib/gcc/arm-none-eabi/7.3.1/../../../../arm-none-eabi/lib/thumb/v7e-m/fpv4-sp/hard\libc_nano.a(lib_a-impure.o)
                0x20000090                . = ALIGN (0x4)
                0x20000090                _edata = .
                0x08004f7c                _siccmram = LOADADDR (.ccmram)

.igot.plt       0x20000090        0x0 load address 0x08004f7c
 .igot.plt      0x20000090        0x0 d:/stm32_project/tool/7-2018-q2-update/bin/../lib/gcc/arm-none-eabi/7.3.1/thumb/v7e-m/fpv4-sp/hard/crtbegin.o

.ccmram         0x10000000        0x0 load address 0x08004f7c
                0x10000000                . = ALIGN (0x4)
                0x10000000                _sccmram = .
 *(.ccmram)
 *(.ccmram*)
                0x10000000                . = ALIGN (0x4)
                0x10000000                _eccmram = .
                0x10000000                . = ALIGN (0x4)

.bss            0x20000090      0x808
                0x20000090                _sbss = .
                0x20000090                __bss_start__ = _sbss
 *(.bss)
 .bss           0x20000090       0x1c d:/stm32_project/tool/7-2018-q2-update/bin/../lib/gcc/arm-none-eabi/7.3.1/thumb/v7e-m/fpv4-sp/hard/crtbegin.o
 *(.bss*)
 .bss.Appli_state
                0x200000ac        0x1 build/usb_host.o
                0x200000ac                Appli_state
 *fill*         0x200000ad        0x3 
 .bss.tmpreg.8565
                0x200000b0        0x4 build/stm32f4xx_ll_usb.o
 .bss.__malloc_free_list
                0x200000b4        0x4 d:/stm32_project/tool/7-2018-q2-update/bin/../lib/gcc/arm-none-eabi/7.3.1/../../../../arm-none-eabi/lib/thumb/v7e-m/fpv4-sp/hard\libc_nano.a(lib_a-nano-mallocr.o)
                0x200000b4                __malloc_free_list
 .bss.__malloc_sbrk_start
                0x200000b8        0x4 d:/stm32_project/tool/7-2018-q2-update/bin/../lib/gcc/arm-none-eabi/7.3.1/../../../../arm-none-eabi/lib/thumb/v7e-m/fpv4-sp/hard\libc_nano.a(lib_a-nano-mallocr.o)
                0x200000b8                __malloc_sbrk_start
 .bss.heap_end.5377
                0x200000bc        0x4 d:/stm32_project/tool/7-2018-q2-update/bin/../lib/gcc/arm-none-eabi/7.3.1/../../../../arm-none-eabi/lib/thumb/v7e-m/fpv4-sp/hard\libnosys.a(sbrk.o)
 *(COMMON)
 COMMON         0x200000c0       0x54 build/i2c.o
                0x200000c0                hi2c1
 COMMON         0x20000114       0x48 build/i2s.o
                0x20000114                hi2s3
 COMMON         0x2000015c       0x58 build/spi.o
                0x2000015c                hspi1
 COMMON         0x200001b4       0x40 build/usart.o
                0x200001b4                huart2
 COMMON         0x200001f4      0x3d8 build/usb_host.o
                0x200001f4                hUsbHostFS
 COMMON         0x200005cc      0x2c4 build/usbh_conf.o
                0x200005cc                hhcd_USB_OTG_FS
 COMMON         0x20000890        0x4 build/stm32f4xx_hal.o
                0x20000890                uwTick
 COMMON         0x20000894        0x4 d:/stm32_project/tool/7-2018-q2-update/bin/../lib/gcc/arm-none-eabi/7.3.1/../../../../arm-none-eabi/lib/thumb/v7e-m/fpv4-sp/hard\libc_nano.a(lib_a-reent.o)
                0x20000894                errno
                0x20000898                . = ALIGN (0x4)
                0x20000898                _ebss = .
                0x20000898                __bss_end__ = _ebss

._user_heap_stack
                0x20000898      0x600
                0x20000898                . = ALIGN (0x8)
                0x20000898                PROVIDE (end = .)
                [!provide]                PROVIDE (_end = .)
                0x20000a98                . = (. + _Min_Heap_Size)
 *fill*         0x20000898      0x200 
                0x20000e98                . = (. + _Min_Stack_Size)
 *fill*         0x20000a98      0x400 
                0x20000e98                . = ALIGN (0x8)

/DISCARD/
 libc.a(*)
 libm.a(*)
 libgcc.a(*)

.ARM.attributes
                0x00000000       0x30
 *(.ARM.attributes)
 .ARM.attributes
                0x00000000       0x22 d:/stm32_project/tool/7-2018-q2-update/bin/../lib/gcc/arm-none-eabi/7.3.1/thumb/v7e-m/fpv4-sp/hard/crti.o
 .ARM.attributes
                0x00000022       0x34 d:/stm32_project/tool/7-2018-q2-update/bin/../lib/gcc/arm-none-eabi/7.3.1/thumb/v7e-m/fpv4-sp/hard/crtbegin.o
 .ARM.attributes
                0x00000056       0x39 build/main.o
 .ARM.attributes
                0x0000008f       0x39 build/gpio.o
 .ARM.attributes
                0x000000c8       0x39 build/i2c.o
 .ARM.attributes
                0x00000101       0x39 build/i2s.o
 .ARM.attributes
                0x0000013a       0x39 build/spi.o
 .ARM.attributes
                0x00000173       0x39 build/usart.o
 .ARM.attributes
                0x000001ac       0x39 build/stm32f4xx_it.o
 .ARM.attributes
                0x000001e5       0x39 build/stm32f4xx_hal_msp.o
 .ARM.attributes
                0x0000021e       0x39 build/usb_host.o
 .ARM.attributes
                0x00000257       0x39 build/usbh_conf.o
 .ARM.attributes
                0x00000290       0x39 build/usbh_platform.o
 .ARM.attributes
                0x000002c9       0x39 build/stm32f4xx_hal_hcd.o
 .ARM.attributes
                0x00000302       0x39 build/stm32f4xx_ll_usb.o
 .ARM.attributes
                0x0000033b       0x39 build/stm32f4xx_hal_rcc.o
 .ARM.attributes
                0x00000374       0x39 build/stm32f4xx_hal_rcc_ex.o
 .ARM.attributes
                0x000003ad       0x39 build/stm32f4xx_hal_gpio.o
 .ARM.attributes
                0x000003e6       0x39 build/stm32f4xx_hal_dma.o
 .ARM.attributes
                0x0000041f       0x39 build/stm32f4xx_hal_cortex.o
 .ARM.attributes
                0x00000458       0x39 build/stm32f4xx_hal.o
 .ARM.attributes
                0x00000491       0x39 build/stm32f4xx_hal_i2c.o
 .ARM.attributes
                0x000004ca       0x39 build/stm32f4xx_hal_i2s.o
 .ARM.attributes
                0x00000503       0x39 build/stm32f4xx_hal_i2s_ex.o
 .ARM.attributes
                0x0000053c       0x39 build/stm32f4xx_hal_spi.o
 .ARM.attributes
                0x00000575       0x39 build/stm32f4xx_hal_uart.o
 .ARM.attributes
                0x000005ae       0x39 build/system_stm32f4xx.o
 .ARM.attributes
                0x000005e7       0x39 build/usbh_core.o
 .ARM.attributes
                0x00000620       0x39 build/usbh_ctlreq.o
 .ARM.attributes
                0x00000659       0x39 build/usbh_ioreq.o
 .ARM.attributes
                0x00000692       0x39 build/usbh_pipes.o
 .ARM.attributes
                0x000006cb       0x39 build/usbh_cdc.o
 .ARM.attributes
                0x00000704       0x21 build/startup_stm32f407xx.o
 .ARM.attributes
                0x00000725       0x34 d:/stm32_project/tool/7-2018-q2-update/bin/../lib/gcc/arm-none-eabi/7.3.1/../../../../arm-none-eabi/lib/thumb/v7e-m/fpv4-sp/hard\libc_nano.a(lib_a-impure.o)
 .ARM.attributes
                0x00000759       0x34 d:/stm32_project/tool/7-2018-q2-update/bin/../lib/gcc/arm-none-eabi/7.3.1/../../../../arm-none-eabi/lib/thumb/v7e-m/fpv4-sp/hard\libc_nano.a(lib_a-init.o)
 .ARM.attributes
                0x0000078d       0x34 d:/stm32_project/tool/7-2018-q2-update/bin/../lib/gcc/arm-none-eabi/7.3.1/../../../../arm-none-eabi/lib/thumb/v7e-m/fpv4-sp/hard\libc_nano.a(lib_a-malloc.o)
 .ARM.attributes
                0x000007c1       0x34 d:/stm32_project/tool/7-2018-q2-update/bin/../lib/gcc/arm-none-eabi/7.3.1/../../../../arm-none-eabi/lib/thumb/v7e-m/fpv4-sp/hard\libc_nano.a(lib_a-memset.o)
 .ARM.attributes
                0x000007f5       0x34 d:/stm32_project/tool/7-2018-q2-update/bin/../lib/gcc/arm-none-eabi/7.3.1/../../../../arm-none-eabi/lib/thumb/v7e-m/fpv4-sp/hard\libc_nano.a(lib_a-nano-freer.o)
 .ARM.attributes
                0x00000829       0x34 d:/stm32_project/tool/7-2018-q2-update/bin/../lib/gcc/arm-none-eabi/7.3.1/../../../../arm-none-eabi/lib/thumb/v7e-m/fpv4-sp/hard\libc_nano.a(lib_a-nano-mallocr.o)
 .ARM.attributes
                0x0000085d       0x34 d:/stm32_project/tool/7-2018-q2-update/bin/../lib/gcc/arm-none-eabi/7.3.1/../../../../arm-none-eabi/lib/thumb/v7e-m/fpv4-sp/hard\libc_nano.a(lib_a-sbrkr.o)
 .ARM.attributes
                0x00000891       0x34 d:/stm32_project/tool/7-2018-q2-update/bin/../lib/gcc/arm-none-eabi/7.3.1/../../../../arm-none-eabi/lib/thumb/v7e-m/fpv4-sp/hard\libc_nano.a(lib_a-mlock.o)
 .ARM.attributes
                0x000008c5       0x34 d:/stm32_project/tool/7-2018-q2-update/bin/../lib/gcc/arm-none-eabi/7.3.1/../../../../arm-none-eabi/lib/thumb/v7e-m/fpv4-sp/hard\libc_nano.a(lib_a-reent.o)
 .ARM.attributes
                0x000008f9       0x34 d:/stm32_project/tool/7-2018-q2-update/bin/../lib/gcc/arm-none-eabi/7.3.1/../../../../arm-none-eabi/lib/thumb/v7e-m/fpv4-sp/hard\libnosys.a(sbrk.o)
 .ARM.attributes
                0x0000092d       0x22 d:/stm32_project/tool/7-2018-q2-update/bin/../lib/gcc/arm-none-eabi/7.3.1/thumb/v7e-m/fpv4-sp/hard\libgcc.a(_aeabi_uldivmod.o)
 .ARM.attributes
                0x0000094f       0x34 d:/stm32_project/tool/7-2018-q2-update/bin/../lib/gcc/arm-none-eabi/7.3.1/thumb/v7e-m/fpv4-sp/hard\libgcc.a(_udivmoddi4.o)
 .ARM.attributes
                0x00000983       0x22 d:/stm32_project/tool/7-2018-q2-update/bin/../lib/gcc/arm-none-eabi/7.3.1/thumb/v7e-m/fpv4-sp/hard\libgcc.a(_dvmd_tls.o)
 .ARM.attributes
                0x000009a5       0x22 d:/stm32_project/tool/7-2018-q2-update/bin/../lib/gcc/arm-none-eabi/7.3.1/thumb/v7e-m/fpv4-sp/hard/crtn.o
OUTPUT(build/RTOS_test.elf elf32-littlearm)

.debug_info     0x00000000    0x2355c
 .debug_info    0x00000000     0x1d39 build/main.o
 .debug_info    0x00001d39      0x6db build/gpio.o
 .debug_info    0x00002414      0xb81 build/i2c.o
 .debug_info    0x00002f95      0xb6d build/i2s.o
 .debug_info    0x00003b02      0xb4a build/spi.o
 .debug_info    0x0000464c      0xd63 build/usart.o
 .debug_info    0x000053af      0xc6a build/stm32f4xx_it.o
 .debug_info    0x00006019      0x3d8 build/stm32f4xx_hal_msp.o
 .debug_info    0x000063f1     0x1508 build/usb_host.o
 .debug_info    0x000078f9     0x28a5 build/usbh_conf.o
 .debug_info    0x0000a19e      0x2ca build/usbh_platform.o
 .debug_info    0x0000a468     0x1445 build/stm32f4xx_hal_hcd.o
 .debug_info    0x0000b8ad     0x1d19 build/stm32f4xx_ll_usb.o
 .debug_info    0x0000d5c6      0xb77 build/stm32f4xx_hal_rcc.o
 .debug_info    0x0000e13d      0x72f build/stm32f4xx_hal_rcc_ex.o
 .debug_info    0x0000e86c      0x864 build/stm32f4xx_hal_gpio.o
 .debug_info    0x0000f0d0      0xb46 build/stm32f4xx_hal_dma.o
 .debug_info    0x0000fc16     0x1072 build/stm32f4xx_hal_cortex.o
 .debug_info    0x00010c88      0xad2 build/stm32f4xx_hal.o
 .debug_info    0x0001175a     0x35d7 build/stm32f4xx_hal_i2c.o
 .debug_info    0x00014d31     0x11e9 build/stm32f4xx_hal_i2s.o
 .debug_info    0x00015f1a      0xebb build/stm32f4xx_hal_i2s_ex.o
 .debug_info    0x00016dd5     0x1d82 build/stm32f4xx_hal_spi.o
 .debug_info    0x00018b57     0x189d build/stm32f4xx_hal_uart.o
 .debug_info    0x0001a3f4      0x5d8 build/system_stm32f4xx.o
 .debug_info    0x0001a9cc     0x1ecc build/usbh_core.o
 .debug_info    0x0001c898     0x1cea build/usbh_ctlreq.o
 .debug_info    0x0001e582     0x18d2 build/usbh_ioreq.o
 .debug_info    0x0001fe54     0x1565 build/usbh_pipes.o
 .debug_info    0x000213b9     0x2181 build/usbh_cdc.o
 .debug_info    0x0002353a       0x22 build/startup_stm32f407xx.o

.debug_abbrev   0x00000000     0x4755
 .debug_abbrev  0x00000000      0x2a2 build/main.o
 .debug_abbrev  0x000002a2      0x162 build/gpio.o
 .debug_abbrev  0x00000404      0x1ca build/i2c.o
 .debug_abbrev  0x000005ce      0x1ca build/i2s.o
 .debug_abbrev  0x00000798      0x1ca build/spi.o
 .debug_abbrev  0x00000962      0x1d3 build/usart.o
 .debug_abbrev  0x00000b35      0x1a2 build/stm32f4xx_it.o
 .debug_abbrev  0x00000cd7      0x12a build/stm32f4xx_hal_msp.o
 .debug_abbrev  0x00000e01      0x297 build/usb_host.o
 .debug_abbrev  0x00001098      0x394 build/usbh_conf.o
 .debug_abbrev  0x0000142c      0x12e build/usbh_platform.o
 .debug_abbrev  0x0000155a      0x297 build/stm32f4xx_hal_hcd.o
 .debug_abbrev  0x000017f1      0x2d1 build/stm32f4xx_ll_usb.o
 .debug_abbrev  0x00001ac2      0x28d build/stm32f4xx_hal_rcc.o
 .debug_abbrev  0x00001d4f      0x195 build/stm32f4xx_hal_rcc_ex.o
 .debug_abbrev  0x00001ee4      0x21c build/stm32f4xx_hal_gpio.o
 .debug_abbrev  0x00002100      0x2ac build/stm32f4xx_hal_dma.o
 .debug_abbrev  0x000023ac      0x33d build/stm32f4xx_hal_cortex.o
 .debug_abbrev  0x000026e9      0x1ed build/stm32f4xx_hal.o
 .debug_abbrev  0x000028d6      0x2de build/stm32f4xx_hal_i2c.o
 .debug_abbrev  0x00002bb4      0x27a build/stm32f4xx_hal_i2s.o
 .debug_abbrev  0x00002e2e      0x29c build/stm32f4xx_hal_i2s_ex.o
 .debug_abbrev  0x000030ca      0x298 build/stm32f4xx_hal_spi.o
 .debug_abbrev  0x00003362      0x2d7 build/stm32f4xx_hal_uart.o
 .debug_abbrev  0x00003639      0x12a build/system_stm32f4xx.o
 .debug_abbrev  0x00003763      0x3b6 build/usbh_core.o
 .debug_abbrev  0x00003b19      0x379 build/usbh_ctlreq.o
 .debug_abbrev  0x00003e92      0x274 build/usbh_ioreq.o
 .debug_abbrev  0x00004106      0x2ca build/usbh_pipes.o
 .debug_abbrev  0x000043d0      0x373 build/usbh_cdc.o
 .debug_abbrev  0x00004743       0x12 build/startup_stm32f407xx.o

.debug_loc      0x00000000    0x12d03
 .debug_loc     0x00000000       0x66 build/main.o
 .debug_loc     0x00000066       0x39 build/gpio.o
 .debug_loc     0x0000009f       0xdf build/i2c.o
 .debug_loc     0x0000017e       0xf8 build/i2s.o
 .debug_loc     0x00000276       0xf8 build/spi.o
 .debug_loc     0x0000036e       0xf8 build/usart.o
 .debug_loc     0x00000466       0x60 build/stm32f4xx_it.o
 .debug_loc     0x000004c6       0x38 build/stm32f4xx_hal_msp.o
 .debug_loc     0x000004fe       0x40 build/usb_host.o
 .debug_loc     0x0000053e      0xb23 build/usbh_conf.o
 .debug_loc     0x00001061       0x75 build/usbh_platform.o
 .debug_loc     0x000010d6      0xe77 build/stm32f4xx_hal_hcd.o
 .debug_loc     0x00001f4d     0x236a build/stm32f4xx_ll_usb.o
 .debug_loc     0x000042b7      0x573 build/stm32f4xx_hal_rcc.o
 .debug_loc     0x0000482a      0x36b build/stm32f4xx_hal_rcc_ex.o
 .debug_loc     0x00004b95      0x53e build/stm32f4xx_hal_gpio.o
 .debug_loc     0x000050d3      0xc96 build/stm32f4xx_hal_dma.o
 .debug_loc     0x00005d69      0x65e build/stm32f4xx_hal_cortex.o
 .debug_loc     0x000063c7      0x1bb build/stm32f4xx_hal.o
 .debug_loc     0x00006582     0x43fe build/stm32f4xx_hal_i2c.o
 .debug_loc     0x0000a980     0x10cc build/stm32f4xx_hal_i2s.o
 .debug_loc     0x0000ba4c      0xc85 build/stm32f4xx_hal_i2s_ex.o
 .debug_loc     0x0000c6d1     0x2105 build/stm32f4xx_hal_spi.o
 .debug_loc     0x0000e7d6     0x1a4d build/stm32f4xx_hal_uart.o
 .debug_loc     0x00010223      0x13e build/system_stm32f4xx.o
 .debug_loc     0x00010361      0xa50 build/usbh_core.o
 .debug_loc     0x00010db1      0xe43 build/usbh_ctlreq.o
 .debug_loc     0x00011bf4      0x707 build/usbh_ioreq.o
 .debug_loc     0x000122fb      0x236 build/usbh_pipes.o
 .debug_loc     0x00012531      0x7d2 build/usbh_cdc.o

.debug_aranges  0x00000000     0x1370
 .debug_aranges
                0x00000000       0x30 build/main.o
 .debug_aranges
                0x00000030       0x20 build/gpio.o
 .debug_aranges
                0x00000050       0x30 build/i2c.o
 .debug_aranges
                0x00000080       0x30 build/i2s.o
 .debug_aranges
                0x000000b0       0x30 build/spi.o
 .debug_aranges
                0x000000e0       0x30 build/usart.o
 .debug_aranges
                0x00000110       0x70 build/stm32f4xx_it.o
 .debug_aranges
                0x00000180       0x20 build/stm32f4xx_hal_msp.o
 .debug_aranges
                0x000001a0       0x30 build/usb_host.o
 .debug_aranges
                0x000001d0       0xd8 build/usbh_conf.o
 .debug_aranges
                0x000002a8       0x20 build/usbh_platform.o
 .debug_aranges
                0x000002c8       0xf8 build/stm32f4xx_hal_hcd.o
 .debug_aranges
                0x000003c0      0x198 build/stm32f4xx_ll_usb.o
 .debug_aranges
                0x00000558       0x88 build/stm32f4xx_hal_rcc.o
 .debug_aranges
                0x000005e0       0x48 build/stm32f4xx_hal_rcc_ex.o
 .debug_aranges
                0x00000628       0x58 build/stm32f4xx_hal_gpio.o
 .debug_aranges
                0x00000680       0x90 build/stm32f4xx_hal_dma.o
 .debug_aranges
                0x00000710       0xa8 build/stm32f4xx_hal_cortex.o
 .debug_aranges
                0x000007b8       0xf0 build/stm32f4xx_hal.o
 .debug_aranges
                0x000008a8      0x2a0 build/stm32f4xx_hal_i2c.o
 .debug_aranges
                0x00000b48      0x108 build/stm32f4xx_hal_i2s.o
 .debug_aranges
                0x00000c50       0x88 build/stm32f4xx_hal_i2s_ex.o
 .debug_aranges
                0x00000cd8      0x1d0 build/stm32f4xx_hal_spi.o
 .debug_aranges
                0x00000ea8      0x1d0 build/stm32f4xx_hal_uart.o
 .debug_aranges
                0x00001078       0x28 build/system_stm32f4xx.o
 .debug_aranges
                0x000010a0       0xc0 build/usbh_core.o
 .debug_aranges
                0x00001160       0xa0 build/usbh_ctlreq.o
 .debug_aranges
                0x00001200       0x60 build/usbh_ioreq.o
 .debug_aranges
                0x00001260       0x40 build/usbh_pipes.o
 .debug_aranges
                0x000012a0       0xa8 build/usbh_cdc.o
 .debug_aranges
                0x00001348       0x28 build/startup_stm32f407xx.o

.debug_ranges   0x00000000     0x1268
 .debug_ranges  0x00000000       0x20 build/main.o
 .debug_ranges  0x00000020       0x10 build/gpio.o
 .debug_ranges  0x00000030       0x20 build/i2c.o
 .debug_ranges  0x00000050       0x20 build/i2s.o
 .debug_ranges  0x00000070       0x20 build/spi.o
 .debug_ranges  0x00000090       0x20 build/usart.o
 .debug_ranges  0x000000b0       0x60 build/stm32f4xx_it.o
 .debug_ranges  0x00000110       0x10 build/stm32f4xx_hal_msp.o
 .debug_ranges  0x00000120       0x20 build/usb_host.o
 .debug_ranges  0x00000140       0xc8 build/usbh_conf.o
 .debug_ranges  0x00000208       0x10 build/usbh_platform.o
 .debug_ranges  0x00000218       0xe8 build/stm32f4xx_hal_hcd.o
 .debug_ranges  0x00000300      0x188 build/stm32f4xx_ll_usb.o
 .debug_ranges  0x00000488       0x90 build/stm32f4xx_hal_rcc.o
 .debug_ranges  0x00000518       0x38 build/stm32f4xx_hal_rcc_ex.o
 .debug_ranges  0x00000550       0x48 build/stm32f4xx_hal_gpio.o
 .debug_ranges  0x00000598       0x80 build/stm32f4xx_hal_dma.o
 .debug_ranges  0x00000618       0xf8 build/stm32f4xx_hal_cortex.o
 .debug_ranges  0x00000710       0xe0 build/stm32f4xx_hal.o
 .debug_ranges  0x000007f0      0x2b0 build/stm32f4xx_hal_i2c.o
 .debug_ranges  0x00000aa0      0x128 build/stm32f4xx_hal_i2s.o
 .debug_ranges  0x00000bc8       0x90 build/stm32f4xx_hal_i2s_ex.o
 .debug_ranges  0x00000c58      0x1c0 build/stm32f4xx_hal_spi.o
 .debug_ranges  0x00000e18      0x1c0 build/stm32f4xx_hal_uart.o
 .debug_ranges  0x00000fd8       0x18 build/system_stm32f4xx.o
 .debug_ranges  0x00000ff0       0xb0 build/usbh_core.o
 .debug_ranges  0x000010a0       0x90 build/usbh_ctlreq.o
 .debug_ranges  0x00001130       0x50 build/usbh_ioreq.o
 .debug_ranges  0x00001180       0x30 build/usbh_pipes.o
 .debug_ranges  0x000011b0       0x98 build/usbh_cdc.o
 .debug_ranges  0x00001248       0x20 build/startup_stm32f407xx.o

.debug_line     0x00000000     0x9f2d
 .debug_line    0x00000000      0x38e build/main.o
 .debug_line    0x0000038e      0x1dd build/gpio.o
 .debug_line    0x0000056b      0x248 build/i2c.o
 .debug_line    0x000007b3      0x252 build/i2s.o
 .debug_line    0x00000a05      0x24d build/spi.o
 .debug_line    0x00000c52      0x26c build/usart.o
 .debug_line    0x00000ebe      0x2b4 build/stm32f4xx_it.o
 .debug_line    0x00001172      0x1bb build/stm32f4xx_hal_msp.o
 .debug_line    0x0000132d      0x340 build/usb_host.o
 .debug_line    0x0000166d      0x542 build/usbh_conf.o
 .debug_line    0x00001baf      0x1be build/usbh_platform.o
 .debug_line    0x00001d6d      0x635 build/stm32f4xx_hal_hcd.o
 .debug_line    0x000023a2      0x8bb build/stm32f4xx_ll_usb.o
 .debug_line    0x00002c5d      0x4aa build/stm32f4xx_hal_rcc.o
 .debug_line    0x00003107      0x300 build/stm32f4xx_hal_rcc_ex.o
 .debug_line    0x00003407      0x36e build/stm32f4xx_hal_gpio.o
 .debug_line    0x00003775      0x50d build/stm32f4xx_hal_dma.o
 .debug_line    0x00003c82      0x432 build/stm32f4xx_hal_cortex.o
 .debug_line    0x000040b4      0x3e8 build/stm32f4xx_hal.o
 .debug_line    0x0000449c     0x1808 build/stm32f4xx_hal_i2c.o
 .debug_line    0x00005ca4      0x847 build/stm32f4xx_hal_i2s.o
 .debug_line    0x000064eb      0x7d4 build/stm32f4xx_hal_i2s_ex.o
 .debug_line    0x00006cbf      0xc50 build/stm32f4xx_hal_spi.o
 .debug_line    0x0000790f      0xb63 build/stm32f4xx_hal_uart.o
 .debug_line    0x00008472      0x1cb build/system_stm32f4xx.o
 .debug_line    0x0000863d      0x685 build/usbh_core.o
 .debug_line    0x00008cc2      0x5cd build/usbh_ctlreq.o
 .debug_line    0x0000928f      0x371 build/usbh_ioreq.o
 .debug_line    0x00009600      0x325 build/usbh_pipes.o
 .debug_line    0x00009925      0x595 build/usbh_cdc.o
 .debug_line    0x00009eba       0x73 build/startup_stm32f407xx.o

.debug_str      0x00000000     0x6294
 .debug_str     0x00000000     0x1254 build/main.o
                               0x138f (size before relaxing)
 .debug_str     0x00001254       0xae build/gpio.o
                                0x433 (size before relaxing)
 .debug_str     0x00001302       0x58 build/i2c.o
                                0x94d (size before relaxing)
 .debug_str     0x0000135a       0x48 build/i2s.o
                                0x89a (size before relaxing)
 .debug_str     0x000013a2       0x48 build/spi.o
                                0x8aa (size before relaxing)
 .debug_str     0x000013ea      0x578 build/usart.o
                                0xdb6 (size before relaxing)
 .debug_str     0x00001962      0x46d build/stm32f4xx_it.o
                                0xb23 (size before relaxing)
 .debug_str     0x00001dcf       0x46 build/stm32f4xx_hal_msp.o
                                0x39f (size before relaxing)
 .debug_str     0x00001e15      0x856 build/usb_host.o
                                0xf68 (size before relaxing)
 .debug_str     0x0000266b      0x4b6 build/usbh_conf.o
                               0x1dea (size before relaxing)
 .debug_str     0x00002b21       0x2e build/usbh_platform.o
                                0x313 (size before relaxing)
 .debug_str     0x00002b4f      0x2fa build/stm32f4xx_hal_hcd.o
                                0xba9 (size before relaxing)
 .debug_str     0x00002e49      0x4ff build/stm32f4xx_ll_usb.o
                                0xcf1 (size before relaxing)
 .debug_str     0x00003348      0x1e7 build/stm32f4xx_hal_rcc.o
                                0x773 (size before relaxing)
 .debug_str     0x0000352f       0xf6 build/stm32f4xx_hal_rcc_ex.o
                                0x561 (size before relaxing)
 .debug_str     0x00003625      0x112 build/stm32f4xx_hal_gpio.o
                                0x595 (size before relaxing)
 .debug_str     0x00003737      0x305 build/stm32f4xx_hal_dma.o
                                0x81b (size before relaxing)
 .debug_str     0x00003a3c      0x4a7 build/stm32f4xx_hal_cortex.o
                                0xccf (size before relaxing)
 .debug_str     0x00003ee3      0x21f build/stm32f4xx_hal.o
                                0xb90 (size before relaxing)
 .debug_str     0x00004102      0x86f build/stm32f4xx_hal_i2c.o
                               0x10d5 (size before relaxing)
 .debug_str     0x00004971      0x25b build/stm32f4xx_hal_i2s.o
                                0x9f7 (size before relaxing)
 .debug_str     0x00004bcc      0x1ee build/stm32f4xx_hal_i2s_ex.o
                                0x938 (size before relaxing)
 .debug_str     0x00004dba      0x4d6 build/stm32f4xx_hal_spi.o
                                0xc7e (size before relaxing)
 .debug_str     0x00005290      0x4dc build/stm32f4xx_hal_uart.o
                                0xcd6 (size before relaxing)
 .debug_str     0x0000576c       0x47 build/system_stm32f4xx.o
                                0x3fe (size before relaxing)
 .debug_str     0x000057b3      0x1d0 build/usbh_core.o
                               0x1192 (size before relaxing)
 .debug_str     0x00005983      0x1ff build/usbh_ctlreq.o
                               0x1167 (size before relaxing)
 .debug_str     0x00005b82       0xbb build/usbh_ioreq.o
                                0xf9b (size before relaxing)
 .debug_str     0x00005c3d       0x64 build/usbh_pipes.o
                                0xf31 (size before relaxing)
 .debug_str     0x00005ca1      0x5cf build/usbh_cdc.o
                               0x160e (size before relaxing)
 .debug_str     0x00006270       0x24 build/startup_stm32f407xx.o
                                 0x3f (size before relaxing)

.comment        0x00000000       0x7f
 .comment       0x00000000       0x7f build/main.o
                                 0x80 (size before relaxing)
 .comment       0x0000007f       0x80 build/gpio.o
 .comment       0x0000007f       0x80 build/i2c.o
 .comment       0x0000007f       0x80 build/i2s.o
 .comment       0x0000007f       0x80 build/spi.o
 .comment       0x0000007f       0x80 build/usart.o
 .comment       0x0000007f       0x80 build/stm32f4xx_it.o
 .comment       0x0000007f       0x80 build/stm32f4xx_hal_msp.o
 .comment       0x0000007f       0x80 build/usb_host.o
 .comment       0x0000007f       0x80 build/usbh_conf.o
 .comment       0x0000007f       0x80 build/usbh_platform.o
 .comment       0x0000007f       0x80 build/stm32f4xx_hal_hcd.o
 .comment       0x0000007f       0x80 build/stm32f4xx_ll_usb.o
 .comment       0x0000007f       0x80 build/stm32f4xx_hal_rcc.o
 .comment       0x0000007f       0x80 build/stm32f4xx_hal_rcc_ex.o
 .comment       0x0000007f       0x80 build/stm32f4xx_hal_gpio.o
 .comment       0x0000007f       0x80 build/stm32f4xx_hal_dma.o
 .comment       0x0000007f       0x80 build/stm32f4xx_hal_cortex.o
 .comment       0x0000007f       0x80 build/stm32f4xx_hal.o
 .comment       0x0000007f       0x80 build/stm32f4xx_hal_i2c.o
 .comment       0x0000007f       0x80 build/stm32f4xx_hal_i2s.o
 .comment       0x0000007f       0x80 build/stm32f4xx_hal_i2s_ex.o
 .comment       0x0000007f       0x80 build/stm32f4xx_hal_spi.o
 .comment       0x0000007f       0x80 build/stm32f4xx_hal_uart.o
 .comment       0x0000007f       0x80 build/system_stm32f4xx.o
 .comment       0x0000007f       0x80 build/usbh_core.o
 .comment       0x0000007f       0x80 build/usbh_ctlreq.o
 .comment       0x0000007f       0x80 build/usbh_ioreq.o
 .comment       0x0000007f       0x80 build/usbh_pipes.o
 .comment       0x0000007f       0x80 build/usbh_cdc.o

.debug_frame    0x00000000     0x3cec
 .debug_frame   0x00000000       0x60 build/main.o
 .debug_frame   0x00000060       0x48 build/gpio.o
 .debug_frame   0x000000a8       0x70 build/i2c.o
 .debug_frame   0x00000118       0x74 build/i2s.o
 .debug_frame   0x0000018c       0x68 build/spi.o
 .debug_frame   0x000001f4       0x6c build/usart.o
 .debug_frame   0x00000260       0xe4 build/stm32f4xx_it.o
 .debug_frame   0x00000344       0x2c build/stm32f4xx_hal_msp.o
 .debug_frame   0x00000370       0x58 build/usb_host.o
 .debug_frame   0x000003c8      0x2a8 build/usbh_conf.o
 .debug_frame   0x00000670       0x2c build/usbh_platform.o
 .debug_frame   0x0000069c      0x310 build/stm32f4xx_hal_hcd.o
 .debug_frame   0x000009ac      0x4ec build/stm32f4xx_ll_usb.o
 .debug_frame   0x00000e98      0x1c4 build/stm32f4xx_hal_rcc.o
 .debug_frame   0x0000105c       0xb4 build/stm32f4xx_hal_rcc_ex.o
 .debug_frame   0x00001110       0xf0 build/stm32f4xx_hal_gpio.o
 .debug_frame   0x00001200      0x1b8 build/stm32f4xx_hal_dma.o
 .debug_frame   0x000013b8      0x16c build/stm32f4xx_hal_cortex.o
 .debug_frame   0x00001524      0x200 build/stm32f4xx_hal.o
 .debug_frame   0x00001724      0xa70 build/stm32f4xx_hal_i2c.o
 .debug_frame   0x00002194      0x388 build/stm32f4xx_hal_i2s.o
 .debug_frame   0x0000251c      0x1c0 build/stm32f4xx_hal_i2s_ex.o
 .debug_frame   0x000026dc      0x62c build/stm32f4xx_hal_spi.o
 .debug_frame   0x00002d08      0x584 build/stm32f4xx_hal_uart.o
 .debug_frame   0x0000328c       0x30 build/system_stm32f4xx.o
 .debug_frame   0x000032bc      0x238 build/usbh_core.o
 .debug_frame   0x000034f4      0x218 build/usbh_ctlreq.o
 .debug_frame   0x0000370c      0x154 build/usbh_ioreq.o
 .debug_frame   0x00003860       0x8c build/usbh_pipes.o
 .debug_frame   0x000038ec      0x1e8 build/usbh_cdc.o
 .debug_frame   0x00003ad4       0x2c d:/stm32_project/tool/7-2018-q2-update/bin/../lib/gcc/arm-none-eabi/7.3.1/../../../../arm-none-eabi/lib/thumb/v7e-m/fpv4-sp/hard\libc_nano.a(lib_a-init.o)
 .debug_frame   0x00003b00       0x30 d:/stm32_project/tool/7-2018-q2-update/bin/../lib/gcc/arm-none-eabi/7.3.1/../../../../arm-none-eabi/lib/thumb/v7e-m/fpv4-sp/hard\libc_nano.a(lib_a-malloc.o)
 .debug_frame   0x00003b30       0x20 d:/stm32_project/tool/7-2018-q2-update/bin/../lib/gcc/arm-none-eabi/7.3.1/../../../../arm-none-eabi/lib/thumb/v7e-m/fpv4-sp/hard\libc_nano.a(lib_a-memset.o)
 .debug_frame   0x00003b50       0x38 d:/stm32_project/tool/7-2018-q2-update/bin/../lib/gcc/arm-none-eabi/7.3.1/../../../../arm-none-eabi/lib/thumb/v7e-m/fpv4-sp/hard\libc_nano.a(lib_a-nano-freer.o)
 .debug_frame   0x00003b88       0x2c d:/stm32_project/tool/7-2018-q2-update/bin/../lib/gcc/arm-none-eabi/7.3.1/../../../../arm-none-eabi/lib/thumb/v7e-m/fpv4-sp/hard\libc_nano.a(lib_a-nano-mallocr.o)
 .debug_frame   0x00003bb4       0x2c d:/stm32_project/tool/7-2018-q2-update/bin/../lib/gcc/arm-none-eabi/7.3.1/../../../../arm-none-eabi/lib/thumb/v7e-m/fpv4-sp/hard\libc_nano.a(lib_a-sbrkr.o)
 .debug_frame   0x00003be0       0x30 d:/stm32_project/tool/7-2018-q2-update/bin/../lib/gcc/arm-none-eabi/7.3.1/../../../../arm-none-eabi/lib/thumb/v7e-m/fpv4-sp/hard\libc_nano.a(lib_a-mlock.o)
 .debug_frame   0x00003c10       0x5c d:/stm32_project/tool/7-2018-q2-update/bin/../lib/gcc/arm-none-eabi/7.3.1/../../../../arm-none-eabi/lib/thumb/v7e-m/fpv4-sp/hard\libc_nano.a(lib_a-reent.o)
 .debug_frame   0x00003c6c       0x20 d:/stm32_project/tool/7-2018-q2-update/bin/../lib/gcc/arm-none-eabi/7.3.1/../../../../arm-none-eabi/lib/thumb/v7e-m/fpv4-sp/hard\libnosys.a(sbrk.o)
 .debug_frame   0x00003c8c       0x2c d:/stm32_project/tool/7-2018-q2-update/bin/../lib/gcc/arm-none-eabi/7.3.1/thumb/v7e-m/fpv4-sp/hard\libgcc.a(_aeabi_uldivmod.o)
 .debug_frame   0x00003cb8       0x34 d:/stm32_project/tool/7-2018-q2-update/bin/../lib/gcc/arm-none-eabi/7.3.1/thumb/v7e-m/fpv4-sp/hard\libgcc.a(_udivmoddi4.o)

Cross Reference Table

Symbol                                            File
ADC_IRQHandler                                    build/startup_stm32f407xx.o
AHBPrescTable                                     build/system_stm32f4xx.o
                                                  build/stm32f4xx_hal_rcc.o
APBPrescTable                                     build/system_stm32f4xx.o
                                                  build/stm32f4xx_hal_rcc.o
Appli_state                                       build/usb_host.o
BusFault_Handler                                  build/stm32f4xx_it.o
CAN1_RX0_IRQHandler                               build/startup_stm32f407xx.o
CAN1_RX1_IRQHandler                               build/startup_stm32f407xx.o
CAN1_SCE_IRQHandler                               build/startup_stm32f407xx.o
CAN1_TX_IRQHandler                                build/startup_stm32f407xx.o
CAN2_RX0_IRQHandler                               build/startup_stm32f407xx.o
CAN2_RX1_IRQHandler                               build/startup_stm32f407xx.o
CAN2_SCE_IRQHandler                               build/startup_stm32f407xx.o
CAN2_TX_IRQHandler                                build/startup_stm32f407xx.o
CDC_Class                                         build/usbh_cdc.o
                                                  build/usb_host.o
DCMI_IRQHandler                                   build/startup_stm32f407xx.o
DMA1_Stream0_IRQHandler                           build/startup_stm32f407xx.o
DMA1_Stream1_IRQHandler                           build/startup_stm32f407xx.o
DMA1_Stream2_IRQHandler                           build/startup_stm32f407xx.o
DMA1_Stream3_IRQHandler                           build/startup_stm32f407xx.o
DMA1_Stream4_IRQHandler                           build/startup_stm32f407xx.o
DMA1_Stream5_IRQHandler                           build/startup_stm32f407xx.o
DMA1_Stream6_IRQHandler                           build/startup_stm32f407xx.o
DMA1_Stream7_IRQHandler                           build/startup_stm32f407xx.o
DMA2_Stream0_IRQHandler                           build/startup_stm32f407xx.o
DMA2_Stream1_IRQHandler                           build/startup_stm32f407xx.o
DMA2_Stream2_IRQHandler                           build/startup_stm32f407xx.o
DMA2_Stream3_IRQHandler                           build/startup_stm32f407xx.o
DMA2_Stream4_IRQHandler                           build/startup_stm32f407xx.o
DMA2_Stream5_IRQHandler                           build/startup_stm32f407xx.o
DMA2_Stream6_IRQHandler                           build/startup_stm32f407xx.o
DMA2_Stream7_IRQHandler                           build/startup_stm32f407xx.o
DebugMon_Handler                                  build/stm32f4xx_it.o
Default_Handler                                   build/startup_stm32f407xx.o
ETH_IRQHandler                                    build/startup_stm32f407xx.o
ETH_WKUP_IRQHandler                               build/startup_stm32f407xx.o
EXTI0_IRQHandler                                  build/startup_stm32f407xx.o
EXTI15_10_IRQHandler                              build/startup_stm32f407xx.o
EXTI1_IRQHandler                                  build/startup_stm32f407xx.o
EXTI2_IRQHandler                                  build/startup_stm32f407xx.o
EXTI3_IRQHandler                                  build/startup_stm32f407xx.o
EXTI4_IRQHandler                                  build/startup_stm32f407xx.o
EXTI9_5_IRQHandler                                build/startup_stm32f407xx.o
Error_Handler                                     build/main.o
                                                  build/usbh_conf.o
                                                  build/usb_host.o
                                                  build/usart.o
                                                  build/spi.o
                                                  build/i2s.o
                                                  build/i2c.o
FLASH_Erase_Sector                                build/stm32f4xx_hal_flash_ex.o
                                                  build/stm32f4xx_hal_flash.o
FLASH_FlushCaches                                 build/stm32f4xx_hal_flash_ex.o
                                                  build/stm32f4xx_hal_flash.o
FLASH_IRQHandler                                  build/startup_stm32f407xx.o
FLASH_WaitForLastOperation                        build/stm32f4xx_hal_flash.o
                                                  build/stm32f4xx_hal_flash_ex.o
FPU_IRQHandler                                    build/startup_stm32f407xx.o
FSMC_IRQHandler                                   build/startup_stm32f407xx.o
HAL_DBGMCU_DisableDBGSleepMode                    build/stm32f4xx_hal.o
HAL_DBGMCU_DisableDBGStandbyMode                  build/stm32f4xx_hal.o
HAL_DBGMCU_DisableDBGStopMode                     build/stm32f4xx_hal.o
HAL_DBGMCU_EnableDBGSleepMode                     build/stm32f4xx_hal.o
HAL_DBGMCU_EnableDBGStandbyMode                   build/stm32f4xx_hal.o
HAL_DBGMCU_EnableDBGStopMode                      build/stm32f4xx_hal.o
HAL_DMAEx_ChangeMemory                            build/stm32f4xx_hal_dma_ex.o
HAL_DMAEx_MultiBufferStart                        build/stm32f4xx_hal_dma_ex.o
HAL_DMAEx_MultiBufferStart_IT                     build/stm32f4xx_hal_dma_ex.o
HAL_DMA_Abort                                     build/stm32f4xx_hal_dma.o
                                                  build/stm32f4xx_hal_uart.o
                                                  build/stm32f4xx_hal_spi.o
                                                  build/stm32f4xx_hal_i2s.o
HAL_DMA_Abort_IT                                  build/stm32f4xx_hal_dma.o
                                                  build/stm32f4xx_hal_uart.o
                                                  build/stm32f4xx_hal_spi.o
                                                  build/stm32f4xx_hal_i2c.o
HAL_DMA_DeInit                                    build/stm32f4xx_hal_dma.o
HAL_DMA_GetError                                  build/stm32f4xx_hal_dma.o
                                                  build/stm32f4xx_hal_uart.o
                                                  build/stm32f4xx_hal_i2c.o
HAL_DMA_GetState                                  build/stm32f4xx_hal_dma.o
                                                  build/stm32f4xx_hal_i2c.o
HAL_DMA_IRQHandler                                build/stm32f4xx_hal_dma.o
HAL_DMA_Init                                      build/stm32f4xx_hal_dma.o
HAL_DMA_PollForTransfer                           build/stm32f4xx_hal_dma.o
HAL_DMA_RegisterCallback                          build/stm32f4xx_hal_dma.o
HAL_DMA_Start                                     build/stm32f4xx_hal_dma.o
HAL_DMA_Start_IT                                  build/stm32f4xx_hal_dma.o
                                                  build/stm32f4xx_hal_uart.o
                                                  build/stm32f4xx_hal_spi.o
                                                  build/stm32f4xx_hal_i2s_ex.o
                                                  build/stm32f4xx_hal_i2s.o
                                                  build/stm32f4xx_hal_i2c.o
HAL_DMA_UnRegisterCallback                        build/stm32f4xx_hal_dma.o
HAL_DeInit                                        build/stm32f4xx_hal.o
HAL_Delay                                         build/stm32f4xx_hal.o
                                                  build/stm32f4xx_ll_usb.o
                                                  build/usbh_conf.o
HAL_DisableCompensationCell                       build/stm32f4xx_hal.o
HAL_EXTI_ClearConfigLine                          build/stm32f4xx_hal_exti.o
HAL_EXTI_ClearPending                             build/stm32f4xx_hal_exti.o
HAL_EXTI_GenerateSWI                              build/stm32f4xx_hal_exti.o
HAL_EXTI_GetConfigLine                            build/stm32f4xx_hal_exti.o
HAL_EXTI_GetHandle                                build/stm32f4xx_hal_exti.o
HAL_EXTI_GetPending                               build/stm32f4xx_hal_exti.o
HAL_EXTI_IRQHandler                               build/stm32f4xx_hal_exti.o
HAL_EXTI_RegisterCallback                         build/stm32f4xx_hal_exti.o
HAL_EXTI_SetConfigLine                            build/stm32f4xx_hal_exti.o
HAL_EnableCompensationCell                        build/stm32f4xx_hal.o
HAL_FLASHEx_Erase                                 build/stm32f4xx_hal_flash_ex.o
HAL_FLASHEx_Erase_IT                              build/stm32f4xx_hal_flash_ex.o
HAL_FLASHEx_OBGetConfig                           build/stm32f4xx_hal_flash_ex.o
HAL_FLASHEx_OBProgram                             build/stm32f4xx_hal_flash_ex.o
HAL_FLASH_EndOfOperationCallback                  build/stm32f4xx_hal_flash.o
HAL_FLASH_GetError                                build/stm32f4xx_hal_flash.o
HAL_FLASH_IRQHandler                              build/stm32f4xx_hal_flash.o
HAL_FLASH_Lock                                    build/stm32f4xx_hal_flash.o
HAL_FLASH_OB_Launch                               build/stm32f4xx_hal_flash.o
HAL_FLASH_OB_Lock                                 build/stm32f4xx_hal_flash.o
HAL_FLASH_OB_Unlock                               build/stm32f4xx_hal_flash.o
HAL_FLASH_OperationErrorCallback                  build/stm32f4xx_hal_flash.o
HAL_FLASH_Program                                 build/stm32f4xx_hal_flash.o
HAL_FLASH_Program_IT                              build/stm32f4xx_hal_flash.o
HAL_FLASH_Unlock                                  build/stm32f4xx_hal_flash.o
HAL_GPIO_DeInit                                   build/stm32f4xx_hal_gpio.o
                                                  build/usbh_conf.o
                                                  build/usart.o
                                                  build/spi.o
                                                  build/i2s.o
                                                  build/i2c.o
HAL_GPIO_EXTI_Callback                            build/stm32f4xx_hal_gpio.o
HAL_GPIO_EXTI_IRQHandler                          build/stm32f4xx_hal_gpio.o
HAL_GPIO_Init                                     build/stm32f4xx_hal_gpio.o
                                                  build/stm32f4xx_hal_rcc.o
                                                  build/usbh_conf.o
                                                  build/usart.o
                                                  build/spi.o
                                                  build/i2s.o
                                                  build/i2c.o
                                                  build/gpio.o
HAL_GPIO_LockPin                                  build/stm32f4xx_hal_gpio.o
HAL_GPIO_ReadPin                                  build/stm32f4xx_hal_gpio.o
HAL_GPIO_TogglePin                                build/stm32f4xx_hal_gpio.o
HAL_GPIO_WritePin                                 build/stm32f4xx_hal_gpio.o
                                                  build/usbh_platform.o
                                                  build/gpio.o
HAL_GetDEVID                                      build/stm32f4xx_hal.o
HAL_GetHalVersion                                 build/stm32f4xx_hal.o
HAL_GetREVID                                      build/stm32f4xx_hal.o
HAL_GetTick                                       build/stm32f4xx_hal.o
                                                  build/stm32f4xx_hal_uart.o
                                                  build/stm32f4xx_hal_spi.o
                                                  build/stm32f4xx_hal_i2s_ex.o
                                                  build/stm32f4xx_hal_i2s.o
                                                  build/stm32f4xx_hal_i2c.o
                                                  build/stm32f4xx_hal_pwr_ex.o
                                                  build/stm32f4xx_hal_dma.o
                                                  build/stm32f4xx_hal_flash.o
                                                  build/stm32f4xx_hal_rcc_ex.o
                                                  build/stm32f4xx_hal_rcc.o
HAL_GetTickFreq                                   build/stm32f4xx_hal.o
HAL_GetTickPrio                                   build/stm32f4xx_hal.o
HAL_GetUIDw0                                      build/stm32f4xx_hal.o
HAL_GetUIDw1                                      build/stm32f4xx_hal.o
HAL_GetUIDw2                                      build/stm32f4xx_hal.o
HAL_HCD_Connect_Callback                          build/usbh_conf.o
HAL_HCD_DeInit                                    build/stm32f4xx_hal_hcd.o
                                                  build/usbh_conf.o
HAL_HCD_Disconnect_Callback                       build/usbh_conf.o
HAL_HCD_GetCurrentFrame                           build/stm32f4xx_hal_hcd.o
                                                  build/usbh_conf.o
HAL_HCD_GetCurrentSpeed                           build/stm32f4xx_hal_hcd.o
                                                  build/usbh_conf.o
HAL_HCD_GetState                                  build/stm32f4xx_hal_hcd.o
HAL_HCD_HC_GetState                               build/stm32f4xx_hal_hcd.o
HAL_HCD_HC_GetURBState                            build/stm32f4xx_hal_hcd.o
                                                  build/usbh_conf.o
HAL_HCD_HC_GetXferCount                           build/stm32f4xx_hal_hcd.o
                                                  build/usbh_conf.o
HAL_HCD_HC_Halt                                   build/stm32f4xx_hal_hcd.o
                                                  build/usbh_conf.o
HAL_HCD_HC_Init                                   build/stm32f4xx_hal_hcd.o
                                                  build/usbh_conf.o
HAL_HCD_HC_NotifyURBChange_Callback               build/usbh_conf.o
HAL_HCD_HC_SubmitRequest                          build/stm32f4xx_hal_hcd.o
                                                  build/usbh_conf.o
HAL_HCD_IRQHandler                                build/stm32f4xx_hal_hcd.o
                                                  build/stm32f4xx_it.o
HAL_HCD_Init                                      build/stm32f4xx_hal_hcd.o
                                                  build/usbh_conf.o
HAL_HCD_MspDeInit                                 build/usbh_conf.o
HAL_HCD_MspInit                                   build/usbh_conf.o
HAL_HCD_PortDisabled_Callback                     build/usbh_conf.o
HAL_HCD_PortEnabled_Callback                      build/usbh_conf.o
HAL_HCD_ResetPort                                 build/stm32f4xx_hal_hcd.o
                                                  build/usbh_conf.o
HAL_HCD_SOF_Callback                              build/usbh_conf.o
HAL_HCD_Start                                     build/stm32f4xx_hal_hcd.o
                                                  build/usbh_conf.o
HAL_HCD_Stop                                      build/stm32f4xx_hal_hcd.o
                                                  build/usbh_conf.o
HAL_HCD_WKUP_IRQHandler                           build/stm32f4xx_hal_hcd.o
HAL_HalfDuplex_EnableReceiver                     build/stm32f4xx_hal_uart.o
HAL_HalfDuplex_EnableTransmitter                  build/stm32f4xx_hal_uart.o
HAL_HalfDuplex_Init                               build/stm32f4xx_hal_uart.o
HAL_I2C_AbortCpltCallback                         build/stm32f4xx_hal_i2c.o
HAL_I2C_AddrCallback                              build/stm32f4xx_hal_i2c.o
HAL_I2C_DeInit                                    build/stm32f4xx_hal_i2c.o
HAL_I2C_DisableListen_IT                          build/stm32f4xx_hal_i2c.o
HAL_I2C_ER_IRQHandler                             build/stm32f4xx_hal_i2c.o
HAL_I2C_EV_IRQHandler                             build/stm32f4xx_hal_i2c.o
HAL_I2C_EnableListen_IT                           build/stm32f4xx_hal_i2c.o
HAL_I2C_ErrorCallback                             build/stm32f4xx_hal_i2c.o
HAL_I2C_GetError                                  build/stm32f4xx_hal_i2c.o
HAL_I2C_GetMode                                   build/stm32f4xx_hal_i2c.o
HAL_I2C_GetState                                  build/stm32f4xx_hal_i2c.o
HAL_I2C_Init                                      build/stm32f4xx_hal_i2c.o
                                                  build/i2c.o
HAL_I2C_IsDeviceReady                             build/stm32f4xx_hal_i2c.o
HAL_I2C_ListenCpltCallback                        build/stm32f4xx_hal_i2c.o
HAL_I2C_MasterRxCpltCallback                      build/stm32f4xx_hal_i2c.o
HAL_I2C_MasterTxCpltCallback                      build/stm32f4xx_hal_i2c.o
HAL_I2C_Master_Abort_IT                           build/stm32f4xx_hal_i2c.o
HAL_I2C_Master_Receive                            build/stm32f4xx_hal_i2c.o
HAL_I2C_Master_Receive_DMA                        build/stm32f4xx_hal_i2c.o
HAL_I2C_Master_Receive_IT                         build/stm32f4xx_hal_i2c.o
HAL_I2C_Master_Seq_Receive_DMA                    build/stm32f4xx_hal_i2c.o
HAL_I2C_Master_Seq_Receive_IT                     build/stm32f4xx_hal_i2c.o
HAL_I2C_Master_Seq_Transmit_DMA                   build/stm32f4xx_hal_i2c.o
HAL_I2C_Master_Seq_Transmit_IT                    build/stm32f4xx_hal_i2c.o
HAL_I2C_Master_Transmit                           build/stm32f4xx_hal_i2c.o
HAL_I2C_Master_Transmit_DMA                       build/stm32f4xx_hal_i2c.o
HAL_I2C_Master_Transmit_IT                        build/stm32f4xx_hal_i2c.o
HAL_I2C_MemRxCpltCallback                         build/stm32f4xx_hal_i2c.o
HAL_I2C_MemTxCpltCallback                         build/stm32f4xx_hal_i2c.o
HAL_I2C_Mem_Read                                  build/stm32f4xx_hal_i2c.o
HAL_I2C_Mem_Read_DMA                              build/stm32f4xx_hal_i2c.o
HAL_I2C_Mem_Read_IT                               build/stm32f4xx_hal_i2c.o
HAL_I2C_Mem_Write                                 build/stm32f4xx_hal_i2c.o
HAL_I2C_Mem_Write_DMA                             build/stm32f4xx_hal_i2c.o
HAL_I2C_Mem_Write_IT                              build/stm32f4xx_hal_i2c.o
HAL_I2C_MspDeInit                                 build/i2c.o
HAL_I2C_MspInit                                   build/i2c.o
HAL_I2C_SlaveRxCpltCallback                       build/stm32f4xx_hal_i2c.o
HAL_I2C_SlaveTxCpltCallback                       build/stm32f4xx_hal_i2c.o
HAL_I2C_Slave_Receive                             build/stm32f4xx_hal_i2c.o
HAL_I2C_Slave_Receive_DMA                         build/stm32f4xx_hal_i2c.o
HAL_I2C_Slave_Receive_IT                          build/stm32f4xx_hal_i2c.o
HAL_I2C_Slave_Seq_Receive_DMA                     build/stm32f4xx_hal_i2c.o
HAL_I2C_Slave_Seq_Receive_IT                      build/stm32f4xx_hal_i2c.o
HAL_I2C_Slave_Seq_Transmit_DMA                    build/stm32f4xx_hal_i2c.o
HAL_I2C_Slave_Seq_Transmit_IT                     build/stm32f4xx_hal_i2c.o
HAL_I2C_Slave_Transmit                            build/stm32f4xx_hal_i2c.o
HAL_I2C_Slave_Transmit_DMA                        build/stm32f4xx_hal_i2c.o
HAL_I2C_Slave_Transmit_IT                         build/stm32f4xx_hal_i2c.o
HAL_I2SEx_FullDuplex_IRQHandler                   build/stm32f4xx_hal_i2s_ex.o
                                                  build/stm32f4xx_hal_i2s.o
HAL_I2SEx_TransmitReceive                         build/stm32f4xx_hal_i2s_ex.o
HAL_I2SEx_TransmitReceive_DMA                     build/stm32f4xx_hal_i2s_ex.o
HAL_I2SEx_TransmitReceive_IT                      build/stm32f4xx_hal_i2s_ex.o
HAL_I2SEx_TxRxCpltCallback                        build/stm32f4xx_hal_i2s_ex.o
HAL_I2SEx_TxRxHalfCpltCallback                    build/stm32f4xx_hal_i2s_ex.o
HAL_I2S_DMAPause                                  build/stm32f4xx_hal_i2s.o
HAL_I2S_DMAResume                                 build/stm32f4xx_hal_i2s.o
HAL_I2S_DMAStop                                   build/stm32f4xx_hal_i2s.o
HAL_I2S_DeInit                                    build/stm32f4xx_hal_i2s.o
HAL_I2S_ErrorCallback                             build/stm32f4xx_hal_i2s.o
                                                  build/stm32f4xx_hal_i2s_ex.o
HAL_I2S_GetError                                  build/stm32f4xx_hal_i2s.o
HAL_I2S_GetState                                  build/stm32f4xx_hal_i2s.o
HAL_I2S_IRQHandler                                build/stm32f4xx_hal_i2s.o
HAL_I2S_Init                                      build/stm32f4xx_hal_i2s.o
                                                  build/i2s.o
HAL_I2S_MspDeInit                                 build/i2s.o
HAL_I2S_MspInit                                   build/i2s.o
HAL_I2S_Receive                                   build/stm32f4xx_hal_i2s.o
HAL_I2S_Receive_DMA                               build/stm32f4xx_hal_i2s.o
HAL_I2S_Receive_IT                                build/stm32f4xx_hal_i2s.o
HAL_I2S_RxCpltCallback                            build/stm32f4xx_hal_i2s.o
HAL_I2S_RxHalfCpltCallback                        build/stm32f4xx_hal_i2s.o
HAL_I2S_Transmit                                  build/stm32f4xx_hal_i2s.o
HAL_I2S_Transmit_DMA                              build/stm32f4xx_hal_i2s.o
HAL_I2S_Transmit_IT                               build/stm32f4xx_hal_i2s.o
HAL_I2S_TxCpltCallback                            build/stm32f4xx_hal_i2s.o